Archive member included to satisfy reference by file (symbol)

c:/program files (x86)/atmel/studio/7.0/toolchain/avr8/avr8-gnu-toolchain/bin/../lib/gcc/avr/5.4.0/avrxmega6\libgcc.a(_mulsi3.o)
                              src/Periphery/AnalogInputSE.o (__mulsi3)
c:/program files (x86)/atmel/studio/7.0/toolchain/avr8/avr8-gnu-toolchain/bin/../lib/gcc/avr/5.4.0/avrxmega6\libgcc.a(_udivmodhi4.o)
                              src/ASF/xmega/drivers/usb/usb_device.o (__udivmodhi4)
c:/program files (x86)/atmel/studio/7.0/toolchain/avr8/avr8-gnu-toolchain/bin/../lib/gcc/avr/5.4.0/avrxmega6\libgcc.a(_udivmodsi4.o)
                              src/Interfaces/SpiNativeMaster.o (__udivmodsi4)
c:/program files (x86)/atmel/studio/7.0/toolchain/avr8/avr8-gnu-toolchain/bin/../lib/gcc/avr/5.4.0/avrxmega6\libgcc.a(_divmodsi4.o)
                              src/Periphery/AnalogInputSE.o (__divmodsi4)
c:/program files (x86)/atmel/studio/7.0/toolchain/avr8/avr8-gnu-toolchain/bin/../lib/gcc/avr/5.4.0/avrxmega6\libgcc.a(_negsi2.o)
                              c:/program files (x86)/atmel/studio/7.0/toolchain/avr8/avr8-gnu-toolchain/bin/../lib/gcc/avr/5.4.0/avrxmega6\libgcc.a(_divmodsi4.o) (__negsi2)
c:/program files (x86)/atmel/studio/7.0/toolchain/avr8/avr8-gnu-toolchain/bin/../lib/gcc/avr/5.4.0/avrxmega6\libgcc.a(_exit.o)
                              C:/Program Files (x86)/Atmel/Studio/7.0/Packs/atmel/XMEGAA_DFP/1.1.68/gcc/dev/atxmega256a3u/avrxmega6/crtatxmega256a3u.o (exit)
c:/program files (x86)/atmel/studio/7.0/toolchain/avr8/avr8-gnu-toolchain/bin/../lib/gcc/avr/5.4.0/avrxmega6\libgcc.a(_copy_data.o)
                              src/generate_frame.o (__do_copy_data)
c:/program files (x86)/atmel/studio/7.0/toolchain/avr8/avr8-gnu-toolchain/bin/../lib/gcc/avr/5.4.0/avrxmega6\libgcc.a(_clear_bss.o)
                              src/generate_frame.o (__do_clear_bss)
c:/program files (x86)/atmel/studio/7.0/toolchain/avr8/avr8-gnu-toolchain/bin/../lib/gcc/avr/5.4.0/avrxmega6\libgcc.a(_ctors.o)
                              src/main.o (__do_global_ctors)
c:/program files (x86)/atmel/studio/7.0/toolchain/avr8/avr8-gnu-toolchain/bin/../lib/gcc/avr/5.4.0/avrxmega6\libgcc.a(_umulhisi3.o)
                              src/SystemValues.o (__umulhisi3)
c:/program files (x86)/atmel/studio/7.0/toolchain/avr8/avr8-gnu-toolchain/bin/../lib/gcc/avr/5.4.0/avrxmega6\libgcc.a(_muluhisi3.o)
                              c:/program files (x86)/atmel/studio/7.0/toolchain/avr8/avr8-gnu-toolchain/bin/../lib/gcc/avr/5.4.0/avrxmega6\libgcc.a(_mulsi3.o) (__muluhisi3)
c:/program files (x86)/atmel/studio/7.0/toolchain/avr8/avr8-gnu-toolchain/bin/../lib/gcc/avr/5.4.0/avrxmega6\libgcc.a(_mulsidi3.o)
                              src/Periphery/AnalogInputSE.o (__mulsidi3)
c:/program files (x86)/atmel/studio/7.0/toolchain/avr8/avr8-gnu-toolchain/bin/../lib/gcc/avr/5.4.0/avrxmega6\libgcc.a(_umulsidi3.o)
                              c:/program files (x86)/atmel/studio/7.0/toolchain/avr8/avr8-gnu-toolchain/bin/../lib/gcc/avr/5.4.0/avrxmega6\libgcc.a(_mulsidi3.o) (__umulsidi3_helper)
c:/program files (x86)/atmel/studio/7.0/toolchain/avr8/avr8-gnu-toolchain/bin/../lib/gcc/avr/5.4.0/avrxmega6\libgcc.a(_udivdi3.o)
                              src/Periphery/AnalogInputSE.o (__udivdi3)
c:/program files (x86)/atmel/studio/7.0/toolchain/avr8/avr8-gnu-toolchain/bin/../lib/gcc/avr/5.4.0/avrxmega6\libgcc.a(_udivmod64.o)
                              c:/program files (x86)/atmel/studio/7.0/toolchain/avr8/avr8-gnu-toolchain/bin/../lib/gcc/avr/5.4.0/avrxmega6\libgcc.a(_udivdi3.o) (__udivmod64)
c:/program files (x86)/atmel/studio/7.0/toolchain/avr8/avr8-gnu-toolchain/bin/../lib/gcc/avr/5.4.0/avrxmega6\libgcc.a(_ashrdi3.o)
                              src/PixelArray.o (__lshrdi3)
c:/program files (x86)/atmel/studio/7.0/toolchain/avr8/avr8-gnu-toolchain/bin/../lib/gcc/avr/5.4.0/avrxmega6\libgcc.a(_tablejump2.o)
                              c:/program files (x86)/atmel/studio/7.0/toolchain/avr8/avr8-gnu-toolchain/bin/../lib/gcc/avr/5.4.0/avrxmega6\libgcc.a(_ctors.o) (__tablejump2__)
c:/program files (x86)/atmel/studio/7.0/toolchain/avr8/avr8-gnu-toolchain/bin/../lib/gcc/avr/5.4.0/avrxmega6\libgcc.a(_muldi3_6.o)
                              c:/program files (x86)/atmel/studio/7.0/toolchain/avr8/avr8-gnu-toolchain/bin/../lib/gcc/avr/5.4.0/avrxmega6\libgcc.a(_umulsidi3.o) (__muldi3_6)
c:/program files (x86)/atmel/studio/7.0/toolchain/avr8/avr8-gnu-toolchain/bin/../lib/gcc/avr/5.4.0/../../../../avr/lib/avrxmega6\libc.a(malloc.o)
                              src/generate_frame.o (malloc)
c:/program files (x86)/atmel/studio/7.0/toolchain/avr8/avr8-gnu-toolchain/bin/../lib/gcc/avr/5.4.0/../../../../avr/lib/avrxmega6\libc.a(memcpy.o)
                              src/ASF/common/services/usb/class/cdc/device/udi_cdc.o (memcpy)

Allocating common symbols
Common symbol       size              file

adcb_callback       0x2               src/ASF/xmega/drivers/adc/adc.o
[...]
Memory Configuration

Name             Origin             Length             Attributes
text             0x00000000         0x00100000         xr
data             0x00802000         0x0000ffa0         rw !x
eeprom           0x00810000         0x00010000         rw !x
fuse             0x00820000         0x00000006         rw !x
lock             0x00830000         0x00000400         rw !x
signature        0x00840000         0x00000400         rw !x
user_signatures  0x00850000         0x00000400         rw !x
*default*        0x00000000         0xffffffff

Linker script and memory map

LOAD C:/Program Files (x86)/Atmel/Studio/7.0/Packs/atmel/XMEGAA_DFP/1.1.68/gcc/dev/atxmega256a3u/avrxmega6/crtatxmega256a3u.o
LOAD src/CommandDecoder.o
LOAD src/CommunicationControl.o
LOAD src/generate_frame.o
LOAD src/ASF/common/services/usb/class/cdc/device/udi_cdc.o
LOAD src/ASF/common/services/usb/udc/udc.o
LOAD src/ASF/xmega/drivers/usb/usb_device.o
LOAD src/Devices/NCV7608.o
LOAD src/Interfaces/SPI.o
LOAD src/Interfaces/SpiNativeMaster.o
LOAD src/Interfaces/SpiUsartMaster.o
LOAD src/operators.o
LOAD src/Periphery/AnalogInputDE.o
LOAD src/Periphery/AnalogInputSE.o
LOAD src/Periphery/AnalogOutput.o
LOAD src/Periphery/DAC.o
LOAD src/Periphery/Pin.o
LOAD src/Pixel.o
LOAD src/PixelArray.o
LOAD src/SystemState.o
LOAD src/SystemValues.o
LOAD src/usb.o
LOAD src/ASF/common/services/usb/class/cdc/device/udi_cdc_desc.o
LOAD src/ASF/xmega/drivers/adc/adc.o
LOAD src/ASF/xmega/drivers/adc/xmega_aau/adc_aau.o
LOAD src/ASF/common/services/sleepmgr/xmega/sleepmgr.o
LOAD src/ASF/common/services/clock/xmega/sysclk.o
LOAD src/ASF/xmega/drivers/dac/dac.o
LOAD src/ASF/xmega/drivers/nvm/nvm.o
LOAD src/ASF/xmega/drivers/nvm/nvm_asm.o
LOAD src/ASF/xmega/drivers/cpu/ccp.o
LOAD src/ASF/common/boards/user_board/init.o
LOAD src/main.o
START GROUP
LOAD c:/program files (x86)/atmel/studio/7.0/toolchain/avr8/avr8-gnu-toolchain/bin/../lib/gcc/avr/5.4.0/../../../../avr/lib/avrxmega6\libm.a
END GROUP
LOAD c:/program files (x86)/atmel/studio/7.0/toolchain/avr8/avr8-gnu-toolchain/bin/../lib/gcc/avr/5.4.0/avrxmega6\libgcc.a
LOAD c:/program files (x86)/atmel/studio/7.0/toolchain/avr8/avr8-gnu-toolchain/bin/../lib/gcc/avr/5.4.0/../../../../avr/lib/avrxmega6\libm.a
START GROUP
LOAD c:/program files (x86)/atmel/studio/7.0/toolchain/avr8/avr8-gnu-toolchain/bin/../lib/gcc/avr/5.4.0/avrxmega6\libgcc.a
LOAD c:/program files (x86)/atmel/studio/7.0/toolchain/avr8/avr8-gnu-toolchain/bin/../lib/gcc/avr/5.4.0/../../../../avr/lib/avrxmega6\libm.a
LOAD c:/program files (x86)/atmel/studio/7.0/toolchain/avr8/avr8-gnu-toolchain/bin/../lib/gcc/avr/5.4.0/../../../../avr/lib/avrxmega6\libc.a
LOAD C:/Program Files (x86)/Atmel/Studio/7.0/Packs/atmel/XMEGAA_DFP/1.1.68/gcc/dev/atxmega256a3u/avrxmega6\libatxmega256a3u.a
END GROUP
                0x00100000                __TEXT_REGION_LENGTH__ = DEFINED (__TEXT_REGION_LENGTH__)?__TEXT_REGION_LENGTH__:0x100000
                0x0000ffa0                __DATA_REGION_LENGTH__ = DEFINED (__DATA_REGION_LENGTH__)?__DATA_REGION_LENGTH__:0xffa0
                0x00010000                __EEPROM_REGION_LENGTH__ = DEFINED (__EEPROM_REGION_LENGTH__)?__EEPROM_REGION_LENGTH__:0x10000
                [0x00000006]                __FUSE_REGION_LENGTH__ = DEFINED (__FUSE_REGION_LENGTH__)?__FUSE_REGION_LENGTH__:0x400
                0x00000400                __LOCK_REGION_LENGTH__ = DEFINED (__LOCK_REGION_LENGTH__)?__LOCK_REGION_LENGTH__:0x400
                0x00000400                __SIGNATURE_REGION_LENGTH__ = DEFINED (__SIGNATURE_REGION_LENGTH__)?__SIGNATURE_REGION_LENGTH__:0x400
                0x00000400                __USER_SIGNATURE_REGION_LENGTH__ = DEFINED (__USER_SIGNATURE_REGION_LENGTH__)?__USER_SIGNATURE_REGION_LENGTH__:0x400

.hash
 *(.hash)

.dynsym
 *(.dynsym)

.dynstr
 *(.dynstr)

.gnu.version
 *(.gnu.version)

.gnu.version_d
 *(.gnu.version_d)

.gnu.version_r
 *(.gnu.version_r)

.rel.init
 *(.rel.init)

.rela.init
 *(.rela.init)

.rel.text
 *(.rel.text)
 *(.rel.text.*)
 *(.rel.gnu.linkonce.t*)

.rela.text
 *(.rela.text)
 *(.rela.text.*)
 *(.rela.gnu.linkonce.t*)

.rel.fini
 *(.rel.fini)

.rela.fini
 *(.rela.fini)

.rel.rodata
 *(.rel.rodata)
 *(.rel.rodata.*)
 *(.rel.gnu.linkonce.r*)

.rela.rodata
 *(.rela.rodata)
 *(.rela.rodata.*)
 *(.rela.gnu.linkonce.r*)

.rel.data
 *(.rel.data)
 *(.rel.data.*)
 *(.rel.gnu.linkonce.d*)

.rela.data
 *(.rela.data)
 *(.rela.data.*)
 *(.rela.gnu.linkonce.d*)

.rel.ctors
 *(.rel.ctors)

.rela.ctors
 *(.rela.ctors)

.rel.dtors
 *(.rel.dtors)

.rela.dtors
 *(.rela.dtors)

.rel.got
 *(.rel.got)

.rela.got
 *(.rela.got)

.rel.bss
 *(.rel.bss)

.rela.bss
 *(.rela.bss)

.rel.plt
 *(.rel.plt)

.rela.plt
 *(.rela.plt)

.text           0x00000000     0x41a4
 *(.vectors)
 .vectors       0x00000000      0x1fc C:/Program Files (x86)/Atmel/Studio/7.0/Packs/atmel/XMEGAA_DFP/1.1.68/gcc/dev/atxmega256a3u/avrxmega6/crtatxmega256a3u.o
                0x00000000                __vector_default
                0x00000000                __vectors
 *(.vectors)
 *(.progmem.gcc*)
                0x000001fc                . = ALIGN (0x2)
                0x000001fc                __trampolines_start = .
 *(.trampolines)
 .trampolines   0x000001fc       0x48 linker stubs
 *(.trampolines*)
                0x00000244                __trampolines_end = .
 *libprintf_flt.a:*(.progmem.data)
 *libc.a:*(.progmem.data)
 *(.progmem*)
                0x00000244                . = ALIGN (0x2)
 *(.jumptables)
 *(.jumptables*)
 *(.lowtext)
 *(.lowtext*)
                0x00000244                __ctors_start = .
 *(.ctors)
 .ctors         0x00000244        0x2 src/main.o
                0x00000246                __ctors_end = .
                0x00000246                __dtors_start = .
 *(.dtors)
                0x00000246                __dtors_end = .
 SORT(*)(.ctors)
 SORT(*)(.dtors)
 *(.init0)
 .init0         0x00000246        0x0 C:/Program Files (x86)/Atmel/Studio/7.0/Packs/atmel/XMEGAA_DFP/1.1.68/gcc/dev/atxmega256a3u/avrxmega6/crtatxmega256a3u.o
                0x00000246                __init
 *(.init0)
 *(.init1)
 *(.init1)
 *(.init2)
 .init2         0x00000246       0x10 C:/Program Files (x86)/Atmel/Studio/7.0/Packs/atmel/XMEGAA_DFP/1.1.68/gcc/dev/atxmega256a3u/avrxmega6/crtatxmega256a3u.o
 *(.init2)
 *(.init3)
 *(.init3)
 *(.init4)
 .init4         0x00000256       0x1a c:/program files (x86)/atmel/studio/7.0/toolchain/avr8/avr8-gnu-toolchain/bin/../lib/gcc/avr/5.4.0/avrxmega6\libgcc.a(_copy_data.o)
                0x00000256                __do_copy_data
 .init4         0x00000270       0x10 c:/program files (x86)/atmel/studio/7.0/toolchain/avr8/avr8-gnu-toolchain/bin/../lib/gcc/avr/5.4.0/avrxmega6\libgcc.a(_clear_bss.o)
                0x00000270                __do_clear_bss
 *(.init4)
 *(.init5)
 *(.init5)
 *(.init6)
 .init6         0x00000280       0x20 c:/program files (x86)/atmel/studio/7.0/toolchain/avr8/avr8-gnu-toolchain/bin/../lib/gcc/avr/5.4.0/avrxmega6\libgcc.a(_ctors.o)
                0x00000280                __do_global_ctors
 *(.init6)
 *(.init7)
 *(.init7)
 *(.init8)
 *(.init8)
 *(.init9)
 .init9         0x000002a0        0x8 C:/Program Files (x86)/Atmel/Studio/7.0/Packs/atmel/XMEGAA_DFP/1.1.68/gcc/dev/atxmega256a3u/avrxmega6/crtatxmega256a3u.o
 *(.init9)
 *(.text)
 .text          0x000002a8        0x4 C:/Program Files (x86)/Atmel/Studio/7.0/Packs/atmel/XMEGAA_DFP/1.1.68/gcc/dev/atxmega256a3u/avrxmega6/crtatxmega256a3u.o
                0x000002a8                __vector_38
                0x000002a8                __vector_104
                0x000002a8                __vector_22
                0x000002a8                __vector_63
                0x000002a8                __vector_28
                0x000002a8                __vector_67
                0x000002a8                __vector_1
                0x000002a8                __vector_119
                0x000002a8                __vector_32
                0x000002a8                __vector_75
                0x000002a8                __vector_91
                0x000002a8                __vector_34
                0x000002a8                __vector_62
                0x000002a8                __vector_102
                0x000002a8                __vector_24
                0x000002a8                __vector_12
                0x000002a8                __vector_55
                0x000002a8                __vector_69
                0x000002a8                __vector_81
                0x000002a8                __vector_90
                0x000002a8                __vector_46
                0x000002a8                __bad_interrupt
                0x000002a8                __vector_122
                0x000002a8                __vector_114
                0x000002a8                __vector_6
                0x000002a8                __vector_110
                0x000002a8                __vector_31
                0x000002a8                __vector_92
                0x000002a8                __vector_35
                0x000002a8                __vector_78
                0x000002a8                __vector_117
                0x000002a8                __vector_107
                0x000002a8                __vector_3
                0x000002a8                __vector_105
                0x000002a8                __vector_98
                0x000002a8                __vector_23
                0x000002a8                __vector_68
                0x000002a8                __vector_30
                0x000002a8                __vector_45
                0x000002a8                __vector_25
                0x000002a8                __vector_93
                0x000002a8                __vector_61
                0x000002a8                __vector_11
                0x000002a8                __vector_54
                0x000002a8                __vector_99
                0x000002a8                __vector_13
                0x000002a8                __vector_17
                0x000002a8                __vector_19
                0x000002a8                __vector_56
                0x000002a8                __vector_7
                0x000002a8                __vector_49
                0x000002a8                __vector_123
                0x000002a8                __vector_86
                0x000002a8                __vector_100
                0x000002a8                __vector_101
                0x000002a8                __vector_64
                0x000002a8                __vector_88
                0x000002a8                __vector_109
                0x000002a8                __vector_43
                0x000002a8                __vector_27
                0x000002a8                __vector_5
                0x000002a8                __vector_113
                0x000002a8                __vector_33
                0x000002a8                __vector_76
                0x000002a8                __vector_115
                0x000002a8                __vector_47
                0x000002a8                __vector_52
                0x000002a8                __vector_37
                0x000002a8                __vector_95
                0x000002a8                __vector_103
                0x000002a8                __vector_96
                0x000002a8                __vector_89
                0x000002a8                __vector_108
                0x000002a8                __vector_4
                0x000002a8                __vector_44
                0x000002a8                __vector_82
                0x000002a8                __vector_106
                0x000002a8                __vector_118
                0x000002a8                __vector_51
                0x000002a8                __vector_9
                0x000002a8                __vector_2
                0x000002a8                __vector_21
                0x000002a8                __vector_15
                0x000002a8                __vector_66
                0x000002a8                __vector_36
                0x000002a8                __vector_79
                0x000002a8                __vector_58
                0x000002a8                __vector_70
                0x000002a8                __vector_83
                0x000002a8                __vector_29
                0x000002a8                __vector_60
                0x000002a8                __vector_121
                0x000002a8                __vector_85
                0x000002a8                __vector_94
                0x000002a8                __vector_8
                0x000002a8                __vector_26
                0x000002a8                __vector_48
                0x000002a8                __vector_124
                0x000002a8                __vector_116
                0x000002a8                __vector_112
                0x000002a8                __vector_111
                0x000002a8                __vector_80
                0x000002a8                __vector_14
                0x000002a8                __vector_84
                0x000002a8                __vector_57
                0x000002a8                __vector_53
                0x000002a8                __vector_10
                0x000002a8                __vector_50
                0x000002a8                __vector_16
                0x000002a8                __vector_59
                0x000002a8                __vector_18
                0x000002a8                __vector_97
                0x000002a8                __vector_20
                0x000002a8                __vector_87
                0x000002a8                __vector_65
                0x000002a8                __vector_120
                0x000002ac                . = ALIGN (0x2)
 *(.text.*)
 .text._ZN14CommandDecoderC2Ev
                0x000002ac        0x2 src/CommandDecoder.o
                0x000002ac                _ZN14CommandDecoderC1Ev
                0x000002ac                _ZN14CommandDecoderC2Ev
 .text._ZN14CommandDecoder18Decode4ByteMessageEPh
                0x000002ae        0x6 src/CommandDecoder.o
                0x000002ae                _ZN14CommandDecoder18Decode4ByteMessageEPh
 .text._ZN14CommandDecoder9isCommandEPh
                0x000002b4        0xe src/CommandDecoder.o
                0x000002b4                _ZN14CommandDecoder9isCommandEPh
 .text._ZN3usb7receiveIhEEvPT_.isra.0
                0x000002c2       0x1a src/CommunicationControl.o
 .text._ZN3usb7receiveIjEEvPT_.isra.2
                0x000002dc       0x28 src/CommunicationControl.o
 .text._ZN20CommunicationControlC2EP3usbP14CommandDecoderP11SystemStateP10PixelArray
                0x00000304       0x30 src/CommunicationControl.o
                0x00000304                _ZN20CommunicationControlC2EP3usbP14CommandDecoderP11SystemStateP10PixelArray
                0x00000304                _ZN20CommunicationControlC1EP3usbP14CommandDecoderP11SystemStateP10PixelArray
 .text._ZN20CommunicationControl3DSPEv
                0x00000334       0x46 src/CommunicationControl.o
                0x00000334                _ZN20CommunicationControl3DSPEv
 .text._ZN20CommunicationControl3DSFEv
                0x0000037a       0x64 src/CommunicationControl.o
                0x0000037a                _ZN20CommunicationControl3DSFEv
 .text._ZN20CommunicationControl13SetVoltageMaxEv
                0x000003de       0x32 src/CommunicationControl.o
                0x000003de                _ZN20CommunicationControl13SetVoltageMaxEv
 .text._ZN20CommunicationControl13SetCurrentMaxEv
                0x00000410       0x32 src/CommunicationControl.o
                0x00000410                _ZN20CommunicationControl13SetCurrentMaxEv
 .text._ZN20CommunicationControl11ExecuteTaskEv
                0x00000442       0x4e src/CommunicationControl.o
                0x00000442                _ZN20CommunicationControl11ExecuteTaskEv
 .text._ZN20CommunicationControl17USB_CommunicationEv
                0x00000490       0x4e src/CommunicationControl.o
                0x00000490                _ZN20CommunicationControl17USB_CommunicationEv
 .text._ZN14generate_frameC2EP10PixelArray
                0x000004de        0x8 src/generate_frame.o
                0x000004de                _ZN14generate_frameC1EP10PixelArray
                0x000004de                _ZN14generate_frameC2EP10PixelArray
 .text.cpu_irq_save
                0x000004e6       0x1a src/ASF/common/services/usb/class/cdc/device/udi_cdc.o
 .text.udi_cdc_comm_enable
                0x00000500       0x56 src/ASF/common/services/usb/class/cdc/device/udi_cdc.o
                0x00000500                udi_cdc_comm_enable
 .text.udi_cdc_comm_disable
                0x00000556        0xc src/ASF/common/services/usb/class/cdc/device/udi_cdc.o
                0x00000556                udi_cdc_comm_disable
 .text.udi_cdc_data_disable
                0x00000562       0x14 src/ASF/common/services/usb/class/cdc/device/udi_cdc.o
                0x00000562                udi_cdc_data_disable
 .text.udi_cdc_data_setup
                0x00000576        0x4 src/ASF/common/services/usb/class/cdc/device/udi_cdc.o
                0x00000576                udi_cdc_data_setup
 .text.udi_cdc_getsetting
                0x0000057a        0x4 src/ASF/common/services/usb/class/cdc/device/udi_cdc.o
                0x0000057a                udi_cdc_getsetting
 .text.udi_cdc_line_coding_received
                0x0000057e        0x2 src/ASF/common/services/usb/class/cdc/device/udi_cdc.o
 .text.udi_cdc_comm_setup
                0x00000580       0x70 src/ASF/common/services/usb/class/cdc/device/udi_cdc.o
                0x00000580                udi_cdc_comm_setup
 .text.udi_cdc_tx_send.isra.1
                0x000005f0      0x13c src/ASF/common/services/usb/class/cdc/device/udi_cdc.o
 .text.udi_cdc_data_sof_notify
                0x0000072c        0x4 src/ASF/common/services/usb/class/cdc/device/udi_cdc.o
                0x0000072c                udi_cdc_data_sof_notify
 .text.udi_cdc_data_sent
                0x00000730       0x30 src/ASF/common/services/usb/class/cdc/device/udi_cdc.o
 .text.udi_cdc_multi_get_nb_received_data
                0x00000760       0x28 src/ASF/common/services/usb/class/cdc/device/udi_cdc.o
                0x00000760                udi_cdc_multi_get_nb_received_data
 .text.udi_cdc_multi_is_rx_ready
                0x00000788       0x10 src/ASF/common/services/usb/class/cdc/device/udi_cdc.o
                0x00000788                udi_cdc_multi_is_rx_ready
 .text.udi_cdc_rx_start.isra.7
                0x00000798       0x88 src/ASF/common/services/usb/class/cdc/device/udi_cdc.o
 .text.udi_cdc_data_enable
                0x00000820       0x6c src/ASF/common/services/usb/class/cdc/device/udi_cdc.o
                0x00000820                udi_cdc_data_enable
 .text.udi_cdc_data_received
                0x0000088c       0x5c src/ASF/common/services/usb/class/cdc/device/udi_cdc.o
 .text.udi_cdc_is_rx_ready
                0x000008e8        0x6 src/ASF/common/services/usb/class/cdc/device/udi_cdc.o
                0x000008e8                udi_cdc_is_rx_ready
 .text.udi_cdc_multi_getc
                0x000008ee       0x88 src/ASF/common/services/usb/class/cdc/device/udi_cdc.o
                0x000008ee                udi_cdc_multi_getc
 .text.udi_cdc_getc
                0x00000976        0x6 src/ASF/common/services/usb/class/cdc/device/udi_cdc.o
                0x00000976                udi_cdc_getc
 .text.udc_valid_address
                0x0000097c        0xa src/ASF/common/services/usb/udc/udc.o
 .text.udc_update_iface_desc
                0x00000986       0x66 src/ASF/common/services/usb/udc/udc.o
 .text.udc_next_desc_in_iface.constprop.3
                0x000009ec       0x40 src/ASF/common/services/usb/udc/udc.o
 .text.udc_iface_enable
                0x00000a2c       0x6c src/ASF/common/services/usb/udc/udc.o
 .text.udc_iface_disable
                0x00000a98       0x86 src/ASF/common/services/usb/udc/udc.o
 .text.udc_start
                0x00000b1e        0x4 src/ASF/common/services/usb/udc/udc.o
                0x00000b1e                udc_start
 .text.udc_reset
                0x00000b22       0x40 src/ASF/common/services/usb/udc/udc.o
                0x00000b22                udc_reset
 .text.udc_sof_notify
                0x00000b62       0x4a src/ASF/common/services/usb/udc/udc.o
                0x00000b62                udc_sof_notify
 .text.udc_process_setup
                0x00000bac      0x4e4 src/ASF/common/services/usb/udc/udc.o
                0x00000bac                udc_process_setup
 .text.cpu_irq_save
                0x00001090       0x1a src/ASF/xmega/drivers/usb/usb_device.o
 .text.sleepmgr_lock_mode
                0x000010aa       0x26 src/ASF/xmega/drivers/usb/usb_device.o
 .text.sleepmgr_unlock_mode
                0x000010d0       0x26 src/ASF/xmega/drivers/usb/usb_device.o
 .text.udd_sleep_mode
                0x000010f6       0x2a src/ASF/xmega/drivers/usb/usb_device.o
 .text.udd_ep_get_ctrl
                0x00001120       0x2e src/ASF/xmega/drivers/usb/usb_device.o
 .text.udd_ctrl_init
                0x0000114e       0x4a src/ASF/xmega/drivers/usb/usb_device.o
 .text.udd_ctrl_stall_data
                0x00001198       0x1c src/ASF/xmega/drivers/usb/usb_device.o
 .text.udd_ctrl_send_zlp_in
                0x000011b4       0x1c src/ASF/xmega/drivers/usb/usb_device.o
 .text.udd_ctrl_endofrequest
                0x000011d0       0x10 src/ASF/xmega/drivers/usb/usb_device.o
 .text.udd_ep_get_job
                0x000011e0       0x34 src/ASF/xmega/drivers/usb/usb_device.o
 .text.udd_ep_trans_complet
                0x00001214      0x210 src/ASF/xmega/drivers/usb/usb_device.o
 .text.udd_ctrl_in_sent
                0x00001424       0xe0 src/ASF/xmega/drivers/usb/usb_device.o
 .text.udd_ctrl_interrupt_tc_setup
                0x00001504       0xf0 src/ASF/xmega/drivers/usb/usb_device.o
 .text.udd_attach
                0x000015f4       0x4a src/ASF/xmega/drivers/usb/usb_device.o
                0x000015f4                udd_attach
 .text.udd_enable
                0x0000163e       0xe2 src/ASF/xmega/drivers/usb/usb_device.o
                0x0000163e                udd_enable
 .text.udd_is_high_speed
                0x00001720        0x4 src/ASF/xmega/drivers/usb/usb_device.o
                0x00001720                udd_is_high_speed
 .text.udd_set_address
                0x00001724        0x6 src/ASF/xmega/drivers/usb/usb_device.o
                0x00001724                udd_set_address
 .text.udd_getaddress
                0x0000172a        0x6 src/ASF/xmega/drivers/usb/usb_device.o
                0x0000172a                udd_getaddress
 .text.udd_get_frame_number
                0x00001730        0xa src/ASF/xmega/drivers/usb/usb_device.o
                0x00001730                udd_get_frame_number
 .text.udd_get_micro_frame_number
                0x0000173a        0x6 src/ASF/xmega/drivers/usb/usb_device.o
                0x0000173a                udd_get_micro_frame_number
 .text.udd_set_setup_payload
                0x00001740        0xe src/ASF/xmega/drivers/usb/usb_device.o
                0x00001740                udd_set_setup_payload
 .text.udd_ep_alloc
                0x0000174e       0xa8 src/ASF/xmega/drivers/usb/usb_device.o
                0x0000174e                udd_ep_alloc
 .text.udd_ep_is_halted
                0x000017f6       0x10 src/ASF/xmega/drivers/usb/usb_device.o
                0x000017f6                udd_ep_is_halted
 .text.udd_ep_clear_halt
                0x00001806       0x3e src/ASF/xmega/drivers/usb/usb_device.o
                0x00001806                udd_ep_clear_halt
 .text.udd_ep_run
                0x00001844      0x104 src/ASF/xmega/drivers/usb/usb_device.o
                0x00001844                udd_ep_run
 .text.udd_ep_abort
                0x00001948       0x64 src/ASF/xmega/drivers/usb/usb_device.o
                0x00001948                udd_ep_abort
 .text.udd_ep_free
                0x000019ac       0x16 src/ASF/xmega/drivers/usb/usb_device.o
                0x000019ac                udd_ep_free
 .text.udd_ep_set_halt
                0x000019c2       0x1c src/ASF/xmega/drivers/usb/usb_device.o
                0x000019c2                udd_ep_set_halt
 .text.__vector_125
                0x000019de      0x178 src/ASF/xmega/drivers/usb/usb_device.o
                0x000019de                __vector_125
 .text.__vector_126
                0x00001b56      0x1c2 src/ASF/xmega/drivers/usb/usb_device.o
                0x00001b56                __vector_126
 .text._ZN7NCV760815setDriverEnableEhb
                0x00001d18       0x28 src/Devices/NCV7608.o
                0x00001d18                _ZN7NCV760815setDriverEnableEhb
 .text._ZN7NCV760820setDiagnosticsEnableEhb
                0x00001d40       0x28 src/Devices/NCV7608.o
                0x00001d40                _ZN7NCV760820setDiagnosticsEnableEhb
 .text._ZN7NCV760812writeChangesEv
                0x00001d68       0xae src/Devices/NCV7608.o
                0x00001d68                _ZN7NCV760812writeChangesEv
 .text._ZN7NCV7608C2EP3SPI
                0x00001e16       0x58 src/Devices/NCV7608.o
                0x00001e16                _ZN7NCV7608C2EP3SPI
                0x00001e16                _ZN7NCV7608C1EP3SPI
 .text._ZN3SPI9getSpiHalEv
                0x00001e6e        0x8 src/Interfaces/SPI.o
                0x00001e6e                _ZN3SPI9getSpiHalEv
 .text._ZN3SPI5setSSEv
                0x00001e76        0xa src/Interfaces/SPI.o
                0x00001e76                _ZN3SPI5setSSEv
 .text._ZN3SPI9releaseSSEv
                0x00001e80        0xa src/Interfaces/SPI.o
                0x00001e80                _ZN3SPI9releaseSSEv
 .text._ZN3SPIC2EP6SpiHalP3Pin
                0x00001e8a       0x30 src/Interfaces/SPI.o
                0x00001e8a                _ZN3SPIC2EP6SpiHalP3Pin
                0x00001e8a                _ZN3SPIC1EP6SpiHalP3Pin
 .text._ZN15SpiNativeMaster10transceiveEh
                0x00001eba       0x1e src/Interfaces/SpiNativeMaster.o
                0x00001eba                _ZN15SpiNativeMaster10transceiveEh
 .text._ZN15SpiNativeMaster15transceiveAsyncEh
                0x00001ed8       0x26 src/Interfaces/SpiNativeMaster.o
                0x00001ed8                _ZN15SpiNativeMaster15transceiveAsyncEh
 .text._ZN15SpiNativeMaster9configureE13SPI_MODE_enumm
                0x00001efe      0x292 src/Interfaces/SpiNativeMaster.o
                0x00001efe                _ZN15SpiNativeMaster9configureE13SPI_MODE_enumm
 .text._ZN15SpiNativeMaster29waitUntilTransmissionCompleteEv
                0x00002190       0x1e src/Interfaces/SpiNativeMaster.o
                0x00002190                _ZN15SpiNativeMaster29waitUntilTransmissionCompleteEv
 .text._ZN15SpiNativeMasterC2EP10SPI_structP11PORT_struct
                0x000021ae       0x18 src/Interfaces/SpiNativeMaster.o
                0x000021ae                _ZN15SpiNativeMasterC2EP10SPI_structP11PORT_struct
                0x000021ae                _ZN15SpiNativeMasterC1EP10SPI_structP11PORT_struct
 .text._Znwj    0x000021c6        0x4 src/operators.o
                0x000021c6                _Znwj
 .text._ZN13AnalogInputDEC2EP10ADC_struct20adcch_positive_input20adcch_negative_inputh
                0x000021ca      0x2b4 src/Periphery/AnalogInputDE.o
                0x000021ca                _ZN13AnalogInputDEC1EP10ADC_struct20adcch_positive_input20adcch_negative_inputh
                0x000021ca                _ZN13AnalogInputDEC2EP10ADC_struct20adcch_positive_input20adcch_negative_inputh
 .text._ZN13AnalogInputDE8getValueEv
                0x0000247e       0x74 src/Periphery/AnalogInputDE.o
                0x0000247e                _ZN13AnalogInputDE8getValueEv
 .text._ZN13AnalogInputDE19getOversampledValueEj
                0x000024f2       0x5c src/Periphery/AnalogInputDE.o
                0x000024f2                _ZN13AnalogInputDE19getOversampledValueEj
 .text._ZN12AnalogOutputC2EP3DAChhh
                0x0000254e       0x18 src/Periphery/AnalogOutput.o
                0x0000254e                _ZN12AnalogOutputC2EP3DAChhh
                0x0000254e                _ZN12AnalogOutputC1EP3DAChhh
 .text._ZN12AnalogOutput8setValueEj
                0x00002566        0xe src/Periphery/AnalogOutput.o
                0x00002566                _ZN12AnalogOutput8setValueEj
 .text._ZN3DACC2EP10DAC_struct15DAC_REFSEL_enumb
                0x00002574       0x56 src/Periphery/DAC.o
                0x00002574                _ZN3DACC2EP10DAC_struct15DAC_REFSEL_enumb
                0x00002574                _ZN3DACC1EP10DAC_struct15DAC_REFSEL_enumb
 .text._ZN3DAC8setValueEhj
                0x000025ca       0x16 src/Periphery/DAC.o
                0x000025ca                _ZN3DAC8setValueEhj
 .text._ZN3DAC14setCalibrationEhhh
                0x000025e0       0x26 src/Periphery/DAC.o
                0x000025e0                _ZN3DAC14setCalibrationEhhh
 .text._ZN3PinC2EP11PORT_structh
                0x00002606       0x64 src/Periphery/Pin.o
                0x00002606                _ZN3PinC2EP11PORT_structh
                0x00002606                _ZN3PinC1EP11PORT_structh
 .text._ZN3Pin13setPinControlEh
                0x0000266a        0xe src/Periphery/Pin.o
                0x0000266a                _ZN3Pin13setPinControlEh
 .text._ZN3Pin12setDirectionEv
                0x00002678       0x10 src/Periphery/Pin.o
                0x00002678                _ZN3Pin12setDirectionEv
 .text._ZN3Pin9setOutputEv
                0x00002688       0x10 src/Periphery/Pin.o
                0x00002688                _ZN3Pin9setOutputEv
 .text._ZN3Pin11clearOutputEv
                0x00002698       0x10 src/Periphery/Pin.o
                0x00002698                _ZN3Pin11clearOutputEv
 .text._ZN5PixelC2EP7NCV7608h
                0x000026a8        0xa src/Pixel.o
                0x000026a8                _ZN5PixelC1EP7NCV7608h
                0x000026a8                _ZN5PixelC2EP7NCV7608h
 .text._ZN5Pixel9setEnableEb
                0x000026b2        0xe src/Pixel.o
                0x000026b2                _ZN5Pixel9setEnableEb
 .text._ZN10PixelArray15refresh_driversEv
                0x000026c0       0x36 src/PixelArray.o
                0x000026c0                _ZN10PixelArray15refresh_driversEv
 .text._ZN10PixelArray10PrintFrameEy
                0x000026f6       0xae src/PixelArray.o
                0x000026f6                _ZN10PixelArray10PrintFrameEy
 .text._ZN10PixelArray11print_pixelEhhb
                0x000027a4       0x34 src/PixelArray.o
                0x000027a4                _ZN10PixelArray11print_pixelEhhb
 .text._ZN10PixelArray11pixelInitV1EPA8_P5PixelPP7NCV7608
                0x000027d8      0x6c2 src/PixelArray.o
                0x000027d8                _ZN10PixelArray11pixelInitV1EPA8_P5PixelPP7NCV7608
 .text._ZN10PixelArrayC2EhhPA8_P5PixelPP7NCV7608
                0x00002e9a       0x1e src/PixelArray.o
                0x00002e9a                _ZN10PixelArrayC2EhhPA8_P5PixelPP7NCV7608
                0x00002e9a                _ZN10PixelArrayC1EhhPA8_P5PixelPP7NCV7608
 .text._ZN11SystemStateC2EP10PixelArrayP12SystemValues
                0x00002eb8       0x10 src/SystemState.o
                0x00002eb8                _ZN11SystemStateC2EP10PixelArrayP12SystemValues
                0x00002eb8                _ZN11SystemStateC1EP10PixelArrayP12SystemValues
 .text._ZN11SystemState12GetNextStateEv
                0x00002ec8       0x7c src/SystemState.o
                0x00002ec8                _ZN11SystemState12GetNextStateEv
 .text._ZN11SystemState17RecieveNewCommandEh
                0x00002f44        0x8 src/SystemState.o
                0x00002f44                _ZN11SystemState17RecieveNewCommandEh
 .text._ZN11SystemState15GetCurrentStateEv
                0x00002f4c        0x6 src/SystemState.o
                0x00002f4c                _ZN11SystemState15GetCurrentStateEv
 .text._ZN11SystemState15GetSystemValuesEv
                0x00002f52        0x8 src/SystemState.o
                0x00002f52                _ZN11SystemState15GetSystemValuesEv
 .text._ZN12SystemValues13setLedVoltageEj
                0x00002f5a       0x2a src/SystemValues.o
                0x00002f5a                _ZN12SystemValues13setLedVoltageEj
 .text._ZN12SystemValues18setLedCurrentLimitEj
                0x00002f84       0x2a src/SystemValues.o
                0x00002f84                _ZN12SystemValues18setLedCurrentLimitEj
 .text._ZN12SystemValuesC2EjjP12AnalogOutputS1_
                0x00002fae       0x3a src/SystemValues.o
                0x00002fae                _ZN12SystemValuesC2EjjP12AnalogOutputS1_
                0x00002fae                _ZN12SystemValuesC1EjjP12AnalogOutputS1_
 .text._ZN3usbC2Ev
                0x00002fe8        0x2 src/usb.o
                0x00002fe8                _ZN3usbC1Ev
                0x00002fe8                _ZN3usbC2Ev
 .text.cpu_irq_save
                0x00002fea       0x1a src/ASF/xmega/drivers/adc/adc.o
 .text.adc_enable_clock
                0x00003004       0x3e src/ASF/xmega/drivers/adc/adc.o
                0x00003004                adc_enable_clock
 .text.adc_disable_clock
                0x00003042       0x3a src/ASF/xmega/drivers/adc/adc.o
                0x00003042                adc_disable_clock
 .text.adc_enable
                0x0000307c       0x3e src/ASF/xmega/drivers/adc/adc.o
                0x0000307c                adc_enable
 .text.cpu_irq_save
                0x000030ba       0x1a src/ASF/xmega/drivers/adc/xmega_aau/adc_aau.o
 .text.__vector_71
                0x000030d4       0x64 src/ASF/xmega/drivers/adc/xmega_aau/adc_aau.o
                0x000030d4                __vector_71
 .text.__vector_72
                0x00003138       0x64 src/ASF/xmega/drivers/adc/xmega_aau/adc_aau.o
                0x00003138                __vector_72
 .text.__vector_73
                0x0000319c       0x64 src/ASF/xmega/drivers/adc/xmega_aau/adc_aau.o
                0x0000319c                __vector_73
 .text.__vector_74
                0x00003200       0x64 src/ASF/xmega/drivers/adc/xmega_aau/adc_aau.o
                0x00003200                __vector_74
 .text.__vector_39
                0x00003264       0x64 src/ASF/xmega/drivers/adc/xmega_aau/adc_aau.o
                0x00003264                __vector_39
 .text.__vector_40
                0x000032c8       0x64 src/ASF/xmega/drivers/adc/xmega_aau/adc_aau.o
                0x000032c8                __vector_40
 .text.__vector_41
                0x0000332c       0x64 src/ASF/xmega/drivers/adc/xmega_aau/adc_aau.o
                0x0000332c                __vector_41
 .text.__vector_42
                0x00003390       0x64 src/ASF/xmega/drivers/adc/xmega_aau/adc_aau.o
                0x00003390                __vector_42
 .text.adc_write_configuration
                0x000033f4       0xbe src/ASF/xmega/drivers/adc/xmega_aau/adc_aau.o
                0x000033f4                adc_write_configuration
 .text.adc_read_configuration
                0x000034b2       0x4e src/ASF/xmega/drivers/adc/xmega_aau/adc_aau.o
                0x000034b2                adc_read_configuration
 .text.adcch_write_configuration
                0x00003500       0x76 src/ASF/xmega/drivers/adc/xmega_aau/adc_aau.o
                0x00003500                adcch_write_configuration
 .text.adcch_read_configuration
                0x00003576       0x76 src/ASF/xmega/drivers/adc/xmega_aau/adc_aau.o
                0x00003576                adcch_read_configuration
 .text.cpu_irq_save
                0x000035ec       0x1a src/ASF/common/services/clock/xmega/sysclk.o
 .text.sysclk_init
                0x00003606       0xd2 src/ASF/common/services/clock/xmega/sysclk.o
                0x00003606                sysclk_init
 .text.sysclk_enable_module
                0x000036d8       0x24 src/ASF/common/services/clock/xmega/sysclk.o
                0x000036d8                sysclk_enable_module
 .text.sysclk_disable_module
                0x000036fc       0x22 src/ASF/common/services/clock/xmega/sysclk.o
                0x000036fc                sysclk_disable_module
 .text.sysclk_enable_usb
                0x0000371e       0x72 src/ASF/common/services/clock/xmega/sysclk.o
                0x0000371e                sysclk_enable_usb
 .text.cpu_irq_save
                0x00003790       0x1a src/ASF/xmega/drivers/dac/dac.o
 .text.dac_enable_clock
                0x000037aa       0x20 src/ASF/xmega/drivers/dac/dac.o
 .text.dac_enable
                0x000037ca       0x3e src/ASF/xmega/drivers/dac/dac.o
                0x000037ca                dac_enable
 .text.nvm_read_byte
                0x00003808       0x14 src/ASF/xmega/drivers/nvm/nvm_asm.o
                0x00003808                nvm_read_byte
 .text.ccp_write_io
                0x0000381c        0xc src/ASF/xmega/drivers/cpu/ccp.o
                0x0000381c                ccp_write_io
 .text.board_init
                0x00003828        0x2 src/ASF/common/boards/user_board/init.o
                0x00003828                board_init
 .text.sysclk_enable_peripheral_clock
                0x0000382a      0x194 src/main.o
 .text._Z16SystemValuesInitv
                0x000039be       0x48 src/main.o
                0x000039be                _Z16SystemValuesInitv
 .text._Z24CommunicationControlInitv
                0x00003a06       0x48 src/main.o
                0x00003a06                _Z24CommunicationControlInitv
 .text._Z14pixelArrayInitv
                0x00003a4e       0x38 src/main.o
                0x00003a4e                _Z14pixelArrayInitv
 .text._Z9frameInitv
                0x00003a86       0x28 src/main.o
                0x00003a86                _Z9frameInitv
 .text._Z15systemStateInitv
                0x00003aae       0x30 src/main.o
                0x00003aae                _Z15systemStateInitv
 .text._Z7usbInitv
                0x00003ade        0x8 src/main.o
                0x00003ade                _Z7usbInitv
 .text._Z10driverInitv
                0x00003ae6      0x222 src/main.o
                0x00003ae6                _Z10driverInitv
 .text._Z15analogInputInitv
                0x00003d08       0x2e src/main.o
                0x00003d08                _Z15analogInputInitv
 .text._Z16analogOutputInitv
                0x00003d36       0x68 src/main.o
                0x00003d36                _Z16analogOutputInitv
 .text._Z9timerInitv
                0x00003d9e       0x24 src/main.o
                0x00003d9e                _Z9timerInitv
 .text.startup.main
                0x00003dc2       0x68 src/main.o
                0x00003dc2                main
 .text.__vector_77
                0x00003e2a       0x16 src/main.o
                0x00003e2a                __vector_77
 .text.startup._GLOBAL__sub_I_drivers
                0x00003e40       0x36 src/main.o
 .text.libgcc.div
                0x00003e76       0x28 c:/program files (x86)/atmel/studio/7.0/toolchain/avr8/avr8-gnu-toolchain/bin/../lib/gcc/avr/5.4.0/avrxmega6\libgcc.a(_udivmodhi4.o)
                0x00003e76                __udivmodhi4
 .text.libgcc.div
                0x00003e9e       0x44 c:/program files (x86)/atmel/studio/7.0/toolchain/avr8/avr8-gnu-toolchain/bin/../lib/gcc/avr/5.4.0/avrxmega6\libgcc.a(_udivmodsi4.o)
                0x00003e9e                __udivmodsi4
 .text.libgcc.mul
                0x00003ee2       0x1e c:/program files (x86)/atmel/studio/7.0/toolchain/avr8/avr8-gnu-toolchain/bin/../lib/gcc/avr/5.4.0/avrxmega6\libgcc.a(_umulhisi3.o)
                0x00003ee2                __umulhisi3
 .text.libgcc.builtins
                0x00003f00       0x3c c:/program files (x86)/atmel/studio/7.0/toolchain/avr8/avr8-gnu-toolchain/bin/../lib/gcc/avr/5.4.0/avrxmega6\libgcc.a(_ashrdi3.o)
                0x00003f00                __ashrdi3
                0x00003f04                __lshrdi3
 .text.libgcc   0x00003f3c       0x10 c:/program files (x86)/atmel/studio/7.0/toolchain/avr8/avr8-gnu-toolchain/bin/../lib/gcc/avr/5.4.0/avrxmega6\libgcc.a(_tablejump2.o)
                0x00003f3c                __tablejump2__
 .text.avr-libc
                0x00003f4c      0x242 c:/program files (x86)/atmel/studio/7.0/toolchain/avr8/avr8-gnu-toolchain/bin/../lib/gcc/avr/5.4.0/../../../../avr/lib/avrxmega6\libc.a(malloc.o)
                0x00003f4c                malloc
                0x0000407c                free
 .text.avr-libc
                0x0000418e       0x12 c:/program files (x86)/atmel/studio/7.0/toolchain/avr8/avr8-gnu-toolchain/bin/../lib/gcc/avr/5.4.0/../../../../avr/lib/avrxmega6\libc.a(memcpy.o)
                0x0000418e                memcpy
                0x000041a0                . = ALIGN (0x2)
 *(.fini9)
 .fini9         0x000041a0        0x0 c:/program files (x86)/atmel/studio/7.0/toolchain/avr8/avr8-gnu-toolchain/bin/../lib/gcc/avr/5.4.0/avrxmega6\libgcc.a(_exit.o)
                0x000041a0                _exit
                0x000041a0                exit
 *(.fini9)
 *(.fini8)
 *(.fini8)
 *(.fini7)
 *(.fini7)
 *(.fini6)
 *(.fini6)
 *(.fini5)
 *(.fini5)
 *(.fini4)
 *(.fini4)
 *(.fini3)
 *(.fini3)
 *(.fini2)
 *(.fini2)
 *(.fini1)
 *(.fini1)
 *(.fini0)
 .fini0         0x000041a0        0x4 c:/program files (x86)/atmel/studio/7.0/toolchain/avr8/avr8-gnu-toolchain/bin/../lib/gcc/avr/5.4.0/avrxmega6\libgcc.a(_exit.o)
 *(.fini0)
                0x000041a4                _etext = .

.data           0x00802000       0xf2 load address 0x000041a4
                0x00802000                PROVIDE (__data_start, .)
 *(.data)
 .data          0x00802000        0x6 c:/program files (x86)/atmel/studio/7.0/toolchain/avr8/avr8-gnu-toolchain/bin/../lib/gcc/avr/5.4.0/../../../../avr/lib/avrxmega6\libc.a(malloc.o)
                0x00802000                __malloc_heap_end
                0x00802002                __malloc_heap_start
                0x00802004                __malloc_margin
 *(.data*)
 .data.udi_api_cdc_data
                0x00802006        0xa src/ASF/common/services/usb/class/cdc/device/udi_cdc.o
                0x00802006                udi_api_cdc_data
 .data.udi_api_cdc_comm
                0x00802010        0xa src/ASF/common/services/usb/class/cdc/device/udi_cdc.o
                0x00802010                udi_api_cdc_comm
 .data.udc_string_desc
                0x0080201a       0x2a src/ASF/common/services/usb/udc/udc.o
 .data.udc_string_product_name
                0x00802044        0xb src/ASF/common/services/usb/udc/udc.o
 .data.udc_string_manufacturer_name
                0x0080204f       0x15 src/ASF/common/services/usb/udc/udc.o
 .data.udc_string_desc_languageid
                0x00802064        0x4 src/ASF/common/services/usb/udc/udc.o
 .data.udc_config
                0x00802068        0x6 src/ASF/common/services/usb/class/cdc/device/udi_cdc_desc.o
                0x00802068                udc_config
 .data.udc_config_fs
                0x0080206e        0x4 src/ASF/common/services/usb/class/cdc/device/udi_cdc_desc.o
                0x0080206e                udc_config_fs
 .data.udi_apis
                0x00802072        0x4 src/ASF/common/services/usb/class/cdc/device/udi_cdc_desc.o
                0x00802072                udi_apis
 .data.udc_desc_fs
                0x00802076       0x44 src/ASF/common/services/usb/class/cdc/device/udi_cdc_desc.o
                0x00802076                udc_desc_fs
 .data.udc_device_desc
                0x008020ba       0x12 src/ASF/common/services/usb/class/cdc/device/udi_cdc_desc.o
                0x008020ba                udc_device_desc
 .data.rowCount
                0x008020cc        0x1 src/main.o
                0x008020cc                rowCount
 .data.colCount
                0x008020cd        0x1 src/main.o
                0x008020cd                colCount
 .data.VoltageMaxDefault
                0x008020ce        0x2 src/main.o
                0x008020ce                VoltageMaxDefault
 .data.CurrentMaxDefault
                0x008020d0        0x2 src/main.o
                0x008020d0                CurrentMaxDefault
 *(.gnu.linkonce.d*)
 *(.rodata)
 *(.rodata*)
 .rodata.CSWTCH.45
                0x008020d2        0xe src/ASF/xmega/drivers/usb/usb_device.o
 .rodata._ZTV15SpiNativeMaster
                0x008020e0        0xc src/Interfaces/SpiNativeMaster.o
                0x008020e0                _ZTV15SpiNativeMaster
 .rodata._ZTV13AnalogInputDE
                0x008020ec        0x6 src/Periphery/AnalogInputDE.o
                0x008020ec                _ZTV13AnalogInputDE
 *(.gnu.linkonce.r*)
                0x008020f2                . = ALIGN (0x2)
                0x008020f2                _edata = .
                0x008020f2                PROVIDE (__data_end, .)

.bss            0x008020f2      0x328
                0x008020f2                PROVIDE (__bss_start, .)
 *(.bss)
 *(.bss*)
 .bss.sof_zlp_counter.5038
                0x008020f2        0x2 src/ASF/common/services/usb/class/cdc/device/udi_cdc.o
 .bss.udi_cdc_tx_both_buf_to_send
                0x008020f4        0x1 src/ASF/common/services/usb/class/cdc/device/udi_cdc.o
 .bss.udi_cdc_tx_trans_ongoing
                0x008020f5        0x1 src/ASF/common/services/usb/class/cdc/device/udi_cdc.o
 .bss.udi_cdc_tx_sof_num
                0x008020f6        0x2 src/ASF/common/services/usb/class/cdc/device/udi_cdc.o
 .bss.udi_cdc_tx_buf_sel
                0x008020f8        0x1 src/ASF/common/services/usb/class/cdc/device/udi_cdc.o
 .bss.udi_cdc_tx_buf_nb
                0x008020f9        0x4 src/ASF/common/services/usb/class/cdc/device/udi_cdc.o
 *fill*         0x008020fd        0x1 
 .bss.udi_cdc_tx_buf
                0x008020fe       0x80 src/ASF/common/services/usb/class/cdc/device/udi_cdc.o
 .bss.udi_cdc_rx_trans_ongoing
                0x0080217e        0x1 src/ASF/common/services/usb/class/cdc/device/udi_cdc.o
 .bss.udi_cdc_rx_pos
                0x0080217f        0x2 src/ASF/common/services/usb/class/cdc/device/udi_cdc.o
 .bss.udi_cdc_rx_buf_sel
                0x00802181        0x1 src/ASF/common/services/usb/class/cdc/device/udi_cdc.o
 .bss.udi_cdc_rx_buf_nb
                0x00802182        0x4 src/ASF/common/services/usb/class/cdc/device/udi_cdc.o
 .bss.udi_cdc_rx_buf
                0x00802186       0x80 src/ASF/common/services/usb/class/cdc/device/udi_cdc.o
 .bss.udi_cdc_data_running
                0x00802206        0x1 src/ASF/common/services/usb/class/cdc/device/udi_cdc.o
 .bss.udi_cdc_nb_data_enabled
                0x00802207        0x1 src/ASF/common/services/usb/class/cdc/device/udi_cdc.o
 .bss.udi_cdc_nb_comm_enabled
                0x00802208        0x1 src/ASF/common/services/usb/class/cdc/device/udi_cdc.o
 *fill*         0x00802209        0x1 
 .bss.uid_cdc_state_msg
                0x0080220a        0xa src/ASF/common/services/usb/class/cdc/device/udi_cdc.o
 .bss.udi_cdc_state
                0x00802214        0x2 src/ASF/common/services/usb/class/cdc/device/udi_cdc.o
 .bss.udi_cdc_line_coding
                0x00802216        0x8 src/ASF/common/services/usb/class/cdc/device/udi_cdc.o
 .bss.udc_ep_status.4733
                0x0080221e        0x2 src/ASF/common/services/usb/udc/udc.o
 .bss.udc_ptr_iface
                0x00802220        0x2 src/ASF/common/services/usb/udc/udc.o
 .bss.udc_ptr_conf
                0x00802222        0x2 src/ASF/common/services/usb/udc/udc.o
 .bss.udc_num_configuration
                0x00802224        0x2 src/ASF/common/services/usb/udc/udc.o
 .bss.udc_iface_setting
                0x00802226        0x2 src/ASF/common/services/usb/udc/udc.o
 .bss.udc_device_status
                0x00802228        0x2 src/ASF/common/services/usb/udc/udc.o
 .bss.b_shortpacket.5448
                0x0080222a        0x1 src/ASF/xmega/drivers/usb/usb_device.o
 .bss.udd_ep_out_cache_buffer
                0x0080222b       0x80 src/ASF/xmega/drivers/usb/usb_device.o
 .bss.udd_ep_job
                0x008022ab       0x24 src/ASF/xmega/drivers/usb/usb_device.o
 .bss.udd_ctrl_buffer
                0x008022cf       0x40 src/ASF/xmega/drivers/usb/usb_device.o
 .bss.udd_ctrl_payload_nb_trans
                0x0080230f        0x2 src/ASF/xmega/drivers/usb/usb_device.o
 .bss.udd_ctrl_prev_payload_nb_trans
                0x00802311        0x2 src/ASF/xmega/drivers/usb/usb_device.o
 .bss.udd_ep_control_state
                0x00802313        0x1 src/ASF/xmega/drivers/usb/usb_device.o
 .bss.udd_sram  0x00802314       0x40 src/ASF/xmega/drivers/usb/usb_device.o
 .bss.udd_b_idle
                0x00802354        0x1 src/ASF/xmega/drivers/usb/usb_device.o
 .bss.adcb_enable_count
                0x00802355        0x1 src/ASF/xmega/drivers/adc/adc.o
 .bss.adca_enable_count
                0x00802356        0x1 src/ASF/xmega/drivers/adc/adc.o
 .bss.dacb_enable_count
                0x00802357        0x1 src/ASF/xmega/drivers/dac/dac.o
 .bss.communicationControl
                0x00802358        0x2 src/main.o
                0x00802358                communicationControl
 .bss.commandDecoder
                0x0080235a        0x2 src/main.o
                0x0080235a                commandDecoder
 .bss._systemState
                0x0080235c        0x2 src/main.o
                0x0080235c                _systemState
 .bss.frame_generator
                0x0080235e        0x2 src/main.o
                0x0080235e                frame_generator
 .bss._pixelArray
                0x00802360        0x2 src/main.o
                0x00802360                _pixelArray
 .bss.usb_connection
                0x00802362        0x2 src/main.o
                0x00802362                usb_connection
 .bss.systemValues
                0x00802364        0x2 src/main.o
                0x00802364                systemValues
 .bss.ledCurrent
                0x00802366        0x2 src/main.o
                0x00802366                ledCurrent
 .bss.ledVoltage
                0x00802368        0x2 src/main.o
                0x00802368                ledVoltage
 .bss.currentSense
                0x0080236a        0x2 src/main.o
                0x0080236a                currentSense
 .bss.pixels    0x0080236c       0x80 src/main.o
                0x0080236c                pixels
 .bss.drivers   0x008023ec       0x10 src/main.o
                0x008023ec                drivers
 *(COMMON)
 COMMON         0x008023fc       0x10 src/ASF/xmega/drivers/usb/usb_device.o
                0x008023fc                udd_g_ctrlreq
 COMMON         0x0080240c        0x4 src/ASF/xmega/drivers/adc/adc.o
                0x0080240c                adcb_callback
                0x0080240e                adca_callback
 COMMON         0x00802410        0x6 src/ASF/common/services/sleepmgr/xmega/sleepmgr.o
                0x00802410                sleepmgr_locks
 COMMON         0x00802416        0x4 c:/program files (x86)/atmel/studio/7.0/toolchain/avr8/avr8-gnu-toolchain/bin/../lib/gcc/avr/5.4.0/../../../../avr/lib/avrxmega6\libc.a(malloc.o)
                0x00802416                __brkval
                0x00802418                __flp
                0x0080241a                PROVIDE (__bss_end, .)
                0x000041a4                __data_load_start = LOADADDR (.data)
                0x00004296                __data_load_end = (__data_load_start + SIZEOF (.data))

.noinit         0x0080241a        0x0
                [!provide]                PROVIDE (__noinit_start, .)
 *(.noinit*)
                [!provide]                PROVIDE (__noinit_end, .)
                0x0080241a                _end = .
                0x0080241a                PROVIDE (__heap_start, .)

.eeprom         0x00810000        0x0
 *(.eeprom*)
                0x00810000                __eeprom_end = .

.fuse
 *(.fuse)
 *(.lfuse)
 *(.hfuse)
 *(.efuse)

.lock
 *(.lock*)

.signature
 *(.signature*)

.user_signatures
 *(.user_signatures*)

.stab
 *(.stab)

.stabstr
 *(.stabstr)

.stab.excl
 *(.stab.excl)

.stab.exclstr
 *(.stab.exclstr)

.stab.index
 *(.stab.index)

.stab.indexstr
 *(.stab.indexstr)

.comment        0x00000000       0x30
 *(.comment)
 .comment       0x00000000       0x30 src/CommandDecoder.o
                                 0x31 (size before relaxing)
 .comment       0x00000030       0x31 src/CommunicationControl.o
 .comment       0x00000030       0x31 src/generate_frame.o
 .comment       0x00000030       0x31 src/ASF/common/services/usb/class/cdc/device/udi_cdc.o
 .comment       0x00000030       0x31 src/ASF/common/services/usb/udc/udc.o
 .comment       0x00000030       0x31 src/ASF/xmega/drivers/usb/usb_device.o
 .comment       0x00000030       0x31 src/Devices/NCV7608.o
 .comment       0x00000030       0x31 src/Interfaces/SPI.o
 .comment       0x00000030       0x31 src/Interfaces/SpiNativeMaster.o
 .comment       0x00000030       0x31 src/operators.o
 .comment       0x00000030       0x31 src/Periphery/AnalogInputDE.o
 .comment       0x00000030       0x31 src/Periphery/AnalogOutput.o
 .comment       0x00000030       0x31 src/Periphery/DAC.o
 .comment       0x00000030       0x31 src/Periphery/Pin.o
 .comment       0x00000030       0x31 src/Pixel.o
 .comment       0x00000030       0x31 src/PixelArray.o
 .comment       0x00000030       0x31 src/SystemState.o
 .comment       0x00000030       0x31 src/SystemValues.o
 .comment       0x00000030       0x31 src/usb.o
 .comment       0x00000030       0x31 src/ASF/common/services/usb/class/cdc/device/udi_cdc_desc.o
 .comment       0x00000030       0x31 src/ASF/xmega/drivers/adc/adc.o
 .comment       0x00000030       0x31 src/ASF/xmega/drivers/adc/xmega_aau/adc_aau.o
 .comment       0x00000030       0x31 src/ASF/common/services/sleepmgr/xmega/sleepmgr.o
 .comment       0x00000030       0x31 src/ASF/common/services/clock/xmega/sysclk.o
 .comment       0x00000030       0x31 src/ASF/xmega/drivers/dac/dac.o
 .comment       0x00000030       0x31 src/ASF/common/boards/user_board/init.o
 .comment       0x00000030       0x31 src/main.o
 .comment       0x00000030       0x31 c:/program files (x86)/atmel/studio/7.0/toolchain/avr8/avr8-gnu-toolchain/bin/../lib/gcc/avr/5.4.0/../../../../avr/lib/avrxmega6\libc.a(malloc.o)

.note.gnu.avr.deviceinfo
                0x00000000       0x40
 .note.gnu.avr.deviceinfo
                0x00000000       0x40 C:/Program Files (x86)/Atmel/Studio/7.0/Packs/atmel/XMEGAA_DFP/1.1.68/gcc/dev/atxmega256a3u/avrxmega6/crtatxmega256a3u.o

.note.gnu.build-id
 *(.note.gnu.build-id)

.debug
 *(.debug)

.line
 *(.line)

.debug_srcinfo
 *(.debug_srcinfo)

.debug_sfnames
 *(.debug_sfnames)

.debug_aranges  0x00000000       0x48
 *(.debug_aranges)
 .debug_aranges
                0x00000000       0x28 src/ASF/xmega/drivers/nvm/nvm_asm.o
 .debug_aranges
                0x00000028       0x20 src/ASF/xmega/drivers/cpu/ccp.o

.debug_pubnames
 *(.debug_pubnames)

.debug_info     0x00000000     0x3529
 *(.debug_info .gnu.linkonce.wi.*)
 .debug_info    0x00000000     0x3409 C:/Program Files (x86)/Atmel/Studio/7.0/Packs/atmel/XMEGAA_DFP/1.1.68/gcc/dev/atxmega256a3u/avrxmega6/crtatxmega256a3u.o
 .debug_info    0x00003409       0x90 src/ASF/xmega/drivers/nvm/nvm_asm.o
 .debug_info    0x00003499       0x90 src/ASF/xmega/drivers/cpu/ccp.o

.debug_abbrev   0x00000000     0x316e
 *(.debug_abbrev)
 .debug_abbrev  0x00000000     0x3148 C:/Program Files (x86)/Atmel/Studio/7.0/Packs/atmel/XMEGAA_DFP/1.1.68/gcc/dev/atxmega256a3u/avrxmega6/crtatxmega256a3u.o
 .debug_abbrev  0x00003148       0x12 src/ASF/xmega/drivers/nvm/nvm_asm.o
 .debug_abbrev  0x0000315a       0x14 src/ASF/xmega/drivers/cpu/ccp.o

.debug_line     0x00000000      0x52a
 *(.debug_line .debug_line.* .debug_line_end)
 .debug_line    0x00000000      0x39d C:/Program Files (x86)/Atmel/Studio/7.0/Packs/atmel/XMEGAA_DFP/1.1.68/gcc/dev/atxmega256a3u/avrxmega6/crtatxmega256a3u.o
 .debug_line    0x0000039d      0x11f src/ASF/xmega/drivers/nvm/nvm_asm.o
 .debug_line    0x000004bc       0x6e src/ASF/xmega/drivers/cpu/ccp.o

.debug_frame
 *(.debug_frame)

.debug_str      0x00000000     0x223b
 *(.debug_str)
 .debug_str     0x00000000     0x223b C:/Program Files (x86)/Atmel/Studio/7.0/Packs/atmel/XMEGAA_DFP/1.1.68/gcc/dev/atxmega256a3u/avrxmega6/crtatxmega256a3u.o

.debug_loc
 *(.debug_loc)

.debug_macinfo
 *(.debug_macinfo)

.debug_weaknames
 *(.debug_weaknames)

.debug_funcnames
 *(.debug_funcnames)

.debug_typenames
 *(.debug_typenames)

.debug_varnames
 *(.debug_varnames)

.debug_pubtypes
 *(.debug_pubtypes)

.debug_ranges   0x00000000       0x20
 *(.debug_ranges)
 .debug_ranges  0x00000000       0x20 src/ASF/xmega/drivers/nvm/nvm_asm.o

.debug_macro
 *(.debug_macro)
OUTPUT(Prototype1.elf elf32-avr)
LOAD linker stubs
