Archive member included to satisfy reference by file (symbol)

c:/program files (x86)/atmel/studio/7.0/toolchain/avr8/avr8-gnu-toolchain/bin/../lib/gcc/avr/5.4.0/avrxmega6\libgcc.a(_mulsi3.o)
                              src/Periphery/AnalogInputSE.o (__mulsi3)
c:/program files (x86)/atmel/studio/7.0/toolchain/avr8/avr8-gnu-toolchain/bin/../lib/gcc/avr/5.4.0/avrxmega6\libgcc.a(_udivmodhi4.o)
                              src/ASF/xmega/drivers/usb/usb_device.o (__udivmodhi4)
c:/program files (x86)/atmel/studio/7.0/toolchain/avr8/avr8-gnu-toolchain/bin/../lib/gcc/avr/5.4.0/avrxmega6\libgcc.a(_udivmodsi4.o)
                              src/Interfaces/SpiNativeMaster.o (__udivmodsi4)
c:/program files (x86)/atmel/studio/7.0/toolchain/avr8/avr8-gnu-toolchain/bin/../lib/gcc/avr/5.4.0/avrxmega6\libgcc.a(_divmodsi4.o)
                              src/Periphery/AnalogInputSE.o (__divmodsi4)
c:/program files (x86)/atmel/studio/7.0/toolchain/avr8/avr8-gnu-toolchain/bin/../lib/gcc/avr/5.4.0/avrxmega6\libgcc.a(_negsi2.o)
                              c:/program files (x86)/atmel/studio/7.0/toolchain/avr8/avr8-gnu-toolchain/bin/../lib/gcc/avr/5.4.0/avrxmega6\libgcc.a(_divmodsi4.o) (__negsi2)
c:/program files (x86)/atmel/studio/7.0/toolchain/avr8/avr8-gnu-toolchain/bin/../lib/gcc/avr/5.4.0/avrxmega6\libgcc.a(_exit.o)
                              C:/Program Files (x86)/Atmel/Studio/7.0/Packs/atmel/XMEGAA_DFP/1.1.68/gcc/dev/atxmega256a3u/avrxmega6/crtatxmega256a3u.o (exit)
c:/program files (x86)/atmel/studio/7.0/toolchain/avr8/avr8-gnu-toolchain/bin/../lib/gcc/avr/5.4.0/avrxmega6\libgcc.a(_tablejump2.o)
                              src/ASF/xmega/drivers/usb/usb_device.o (__tablejump2__)
c:/program files (x86)/atmel/studio/7.0/toolchain/avr8/avr8-gnu-toolchain/bin/../lib/gcc/avr/5.4.0/avrxmega6\libgcc.a(_copy_data.o)
                              src/generate_frame.o (__do_copy_data)
c:/program files (x86)/atmel/studio/7.0/toolchain/avr8/avr8-gnu-toolchain/bin/../lib/gcc/avr/5.4.0/avrxmega6\libgcc.a(_clear_bss.o)
                              src/generate_frame.o (__do_clear_bss)
c:/program files (x86)/atmel/studio/7.0/toolchain/avr8/avr8-gnu-toolchain/bin/../lib/gcc/avr/5.4.0/avrxmega6\libgcc.a(_ctors.o)
                              src/main.o (__do_global_ctors)
c:/program files (x86)/atmel/studio/7.0/toolchain/avr8/avr8-gnu-toolchain/bin/../lib/gcc/avr/5.4.0/avrxmega6\libgcc.a(_umulhisi3.o)
                              src/SystemValues.o (__umulhisi3)
c:/program files (x86)/atmel/studio/7.0/toolchain/avr8/avr8-gnu-toolchain/bin/../lib/gcc/avr/5.4.0/avrxmega6\libgcc.a(_muluhisi3.o)
                              c:/program files (x86)/atmel/studio/7.0/toolchain/avr8/avr8-gnu-toolchain/bin/../lib/gcc/avr/5.4.0/avrxmega6\libgcc.a(_mulsi3.o) (__muluhisi3)
c:/program files (x86)/atmel/studio/7.0/toolchain/avr8/avr8-gnu-toolchain/bin/../lib/gcc/avr/5.4.0/avrxmega6\libgcc.a(_muldi3.o)
                              src/Periphery/AnalogInputSE.o (__muldi3)
c:/program files (x86)/atmel/studio/7.0/toolchain/avr8/avr8-gnu-toolchain/bin/../lib/gcc/avr/5.4.0/avrxmega6\libgcc.a(_muldi3_6.o)
                              c:/program files (x86)/atmel/studio/7.0/toolchain/avr8/avr8-gnu-toolchain/bin/../lib/gcc/avr/5.4.0/avrxmega6\libgcc.a(_muldi3.o) (__muldi3_6)
c:/program files (x86)/atmel/studio/7.0/toolchain/avr8/avr8-gnu-toolchain/bin/../lib/gcc/avr/5.4.0/avrxmega6\libgcc.a(_udivdi3.o)
                              src/Periphery/AnalogInputSE.o (__udivdi3)
c:/program files (x86)/atmel/studio/7.0/toolchain/avr8/avr8-gnu-toolchain/bin/../lib/gcc/avr/5.4.0/avrxmega6\libgcc.a(_udivmod64.o)
                              c:/program files (x86)/atmel/studio/7.0/toolchain/avr8/avr8-gnu-toolchain/bin/../lib/gcc/avr/5.4.0/avrxmega6\libgcc.a(_udivdi3.o) (__udivmod64)
c:/program files (x86)/atmel/studio/7.0/toolchain/avr8/avr8-gnu-toolchain/bin/../lib/gcc/avr/5.4.0/avrxmega6\libgcc.a(_ashrdi3.o)
                              src/PixelArray.o (__lshrdi3)
c:/program files (x86)/atmel/studio/7.0/toolchain/avr8/avr8-gnu-toolchain/bin/../lib/gcc/avr/5.4.0/../../../../avr/lib/avrxmega6\libc.a(malloc.o)
                              src/generate_frame.o (malloc)
c:/program files (x86)/atmel/studio/7.0/toolchain/avr8/avr8-gnu-toolchain/bin/../lib/gcc/avr/5.4.0/../../../../avr/lib/avrxmega6\libc.a(memcpy.o)
                              src/ASF/common/services/usb/class/cdc/device/udi_cdc.o (memcpy)

Allocating common symbols
Common symbol       size              file

adcb_callback       0x2               src/ASF/xmega/drivers/adc/adc.o
__brkval            0x2               c:/program files (x86)/atmel/studio/7.0/toolchain/avr8/avr8-gnu-toolchain/bin/../lib/gcc/avr/5.4.0/../../../../avr/lib/avrxmega6\libc.a(malloc.o)
udd_g_ctrlreq       0x10              src/ASF/xmega/drivers/usb/usb_device.o
sleepmgr_locks      0x6               src/ASF/common/services/sleepmgr/xmega/sleepmgr.o
[...]
Memory Configuration

Name             Origin             Length             Attributes
text             0x00000000         0x00100000         xr
data             0x00802000         0x0000ffa0         rw !x
eeprom           0x00810000         0x00010000         rw !x
fuse             0x00820000         0x00000006         rw !x
lock             0x00830000         0x00000400         rw !x
signature        0x00840000         0x00000400         rw !x
user_signatures  0x00850000         0x00000400         rw !x
*default*        0x00000000         0xffffffff

Linker script and memory map

LOAD C:/Program Files (x86)/Atmel/Studio/7.0/Packs/atmel/XMEGAA_DFP/1.1.68/gcc/dev/atxmega256a3u/avrxmega6/crtatxmega256a3u.o
LOAD src/CommandDecoder.o
LOAD src/CommunicationControl.o
LOAD src/generate_frame.o
LOAD src/ASF/common/services/usb/class/cdc/device/udi_cdc.o
LOAD src/ASF/common/services/usb/udc/udc.o
LOAD src/ASF/xmega/drivers/usb/usb_device.o
LOAD src/Devices/NCV7608.o
LOAD src/Interfaces/SPI.o
LOAD src/Interfaces/SpiNativeMaster.o
LOAD src/Interfaces/SpiUsartMaster.o
LOAD src/operators.o
LOAD src/Periphery/AnalogInputDE.o
LOAD src/Periphery/AnalogInputSE.o
LOAD src/Periphery/AnalogOutput.o
LOAD src/Periphery/DAC.o
LOAD src/Periphery/Pin.o
LOAD src/Pixel.o
LOAD src/PixelArray.o
LOAD src/SystemState.o
LOAD src/SystemValues.o
LOAD src/usb.o
LOAD src/ASF/common/services/usb/class/cdc/device/udi_cdc_desc.o
LOAD src/ASF/xmega/drivers/adc/adc.o
LOAD src/ASF/xmega/drivers/adc/xmega_aau/adc_aau.o
LOAD src/ASF/common/services/sleepmgr/xmega/sleepmgr.o
LOAD src/ASF/common/services/clock/xmega/sysclk.o
LOAD src/ASF/xmega/drivers/dac/dac.o
LOAD src/ASF/xmega/drivers/nvm/nvm.o
LOAD src/ASF/xmega/drivers/nvm/nvm_asm.o
LOAD src/ASF/xmega/drivers/cpu/ccp.o
LOAD src/ASF/common/boards/user_board/init.o
LOAD src/main.o
START GROUP
LOAD c:/program files (x86)/atmel/studio/7.0/toolchain/avr8/avr8-gnu-toolchain/bin/../lib/gcc/avr/5.4.0/../../../../avr/lib/avrxmega6\libm.a
END GROUP
LOAD c:/program files (x86)/atmel/studio/7.0/toolchain/avr8/avr8-gnu-toolchain/bin/../lib/gcc/avr/5.4.0/avrxmega6\libgcc.a
LOAD c:/program files (x86)/atmel/studio/7.0/toolchain/avr8/avr8-gnu-toolchain/bin/../lib/gcc/avr/5.4.0/../../../../avr/lib/avrxmega6\libm.a
START GROUP
LOAD c:/program files (x86)/atmel/studio/7.0/toolchain/avr8/avr8-gnu-toolchain/bin/../lib/gcc/avr/5.4.0/avrxmega6\libgcc.a
LOAD c:/program files (x86)/atmel/studio/7.0/toolchain/avr8/avr8-gnu-toolchain/bin/../lib/gcc/avr/5.4.0/../../../../avr/lib/avrxmega6\libm.a
LOAD c:/program files (x86)/atmel/studio/7.0/toolchain/avr8/avr8-gnu-toolchain/bin/../lib/gcc/avr/5.4.0/../../../../avr/lib/avrxmega6\libc.a
LOAD C:/Program Files (x86)/Atmel/Studio/7.0/Packs/atmel/XMEGAA_DFP/1.1.68/gcc/dev/atxmega256a3u/avrxmega6\libatxmega256a3u.a
END GROUP
                0x00100000                __TEXT_REGION_LENGTH__ = DEFINED (__TEXT_REGION_LENGTH__)?__TEXT_REGION_LENGTH__:0x100000
                0x0000ffa0                __DATA_REGION_LENGTH__ = DEFINED (__DATA_REGION_LENGTH__)?__DATA_REGION_LENGTH__:0xffa0
                0x00010000                __EEPROM_REGION_LENGTH__ = DEFINED (__EEPROM_REGION_LENGTH__)?__EEPROM_REGION_LENGTH__:0x10000
                [0x00000006]                __FUSE_REGION_LENGTH__ = DEFINED (__FUSE_REGION_LENGTH__)?__FUSE_REGION_LENGTH__:0x400
                0x00000400                __LOCK_REGION_LENGTH__ = DEFINED (__LOCK_REGION_LENGTH__)?__LOCK_REGION_LENGTH__:0x400
                0x00000400                __SIGNATURE_REGION_LENGTH__ = DEFINED (__SIGNATURE_REGION_LENGTH__)?__SIGNATURE_REGION_LENGTH__:0x400
                0x00000400                __USER_SIGNATURE_REGION_LENGTH__ = DEFINED (__USER_SIGNATURE_REGION_LENGTH__)?__USER_SIGNATURE_REGION_LENGTH__:0x400

.hash
 *(.hash)

.dynsym
 *(.dynsym)

.dynstr
 *(.dynstr)

.gnu.version
 *(.gnu.version)

.gnu.version_d
 *(.gnu.version_d)

.gnu.version_r
 *(.gnu.version_r)

.rel.init
 *(.rel.init)

.rela.init
 *(.rela.init)

.rel.text
 *(.rel.text)
 *(.rel.text.*)
 *(.rel.gnu.linkonce.t*)

.rela.text
 *(.rela.text)
 *(.rela.text.*)
 *(.rela.gnu.linkonce.t*)

.rel.fini
 *(.rel.fini)

.rela.fini
 *(.rela.fini)

.rel.rodata
 *(.rel.rodata)
 *(.rel.rodata.*)
 *(.rel.gnu.linkonce.r*)

.rela.rodata
 *(.rela.rodata)
 *(.rela.rodata.*)
 *(.rela.gnu.linkonce.r*)

.rel.data
 *(.rel.data)
 *(.rel.data.*)
 *(.rel.gnu.linkonce.d*)

.rela.data
 *(.rela.data)
 *(.rela.data.*)
 *(.rela.gnu.linkonce.d*)

.rel.ctors
 *(.rel.ctors)

.rela.ctors
 *(.rela.ctors)

.rel.dtors
 *(.rel.dtors)

.rela.dtors
 *(.rela.dtors)

.rel.got
 *(.rel.got)

.rela.got
 *(.rela.got)

.rel.bss
 *(.rel.bss)

.rela.bss
 *(.rela.bss)

.rel.plt
 *(.rel.plt)

.rela.plt
 *(.rela.plt)

.text           0x00000000     0x47b6
 *(.vectors)
 .vectors       0x00000000      0x1fc C:/Program Files (x86)/Atmel/Studio/7.0/Packs/atmel/XMEGAA_DFP/1.1.68/gcc/dev/atxmega256a3u/avrxmega6/crtatxmega256a3u.o
                0x00000000                __vector_default
                0x00000000                __vectors
 *(.vectors)
 *(.progmem.gcc*)
 .progmem.gcc_sw_table.udd_ep_get_size
                0x000001fc        0xe src/ASF/xmega/drivers/usb/usb_device.o
                0x0000020a                . = ALIGN (0x2)
                0x0000020a                __trampolines_start = .
 *(.trampolines)
 .trampolines   0x0000020a       0x64 linker stubs
 *(.trampolines*)
                0x0000026e                __trampolines_end = .
 *libprintf_flt.a:*(.progmem.data)
 *libc.a:*(.progmem.data)
 *(.progmem*)
                0x0000026e                . = ALIGN (0x2)
 *(.jumptables)
 *(.jumptables*)
 *(.lowtext)
 *(.lowtext*)
                0x0000026e                __ctors_start = .
 *(.ctors)
 .ctors         0x0000026e        0x2 src/main.o
                0x00000270                __ctors_end = .
                0x00000270                __dtors_start = .
 *(.dtors)
                0x00000270                __dtors_end = .
 SORT(*)(.ctors)
 SORT(*)(.dtors)
 *(.init0)
 .init0         0x00000270        0x0 C:/Program Files (x86)/Atmel/Studio/7.0/Packs/atmel/XMEGAA_DFP/1.1.68/gcc/dev/atxmega256a3u/avrxmega6/crtatxmega256a3u.o
                0x00000270                __init
 *(.init0)
 *(.init1)
 *(.init1)
 *(.init2)
 .init2         0x00000270       0x10 C:/Program Files (x86)/Atmel/Studio/7.0/Packs/atmel/XMEGAA_DFP/1.1.68/gcc/dev/atxmega256a3u/avrxmega6/crtatxmega256a3u.o
 *(.init2)
 *(.init3)
 *(.init3)
 *(.init4)
 .init4         0x00000280       0x1a c:/program files (x86)/atmel/studio/7.0/toolchain/avr8/avr8-gnu-toolchain/bin/../lib/gcc/avr/5.4.0/avrxmega6\libgcc.a(_copy_data.o)
                0x00000280                __do_copy_data
 .init4         0x0000029a       0x10 c:/program files (x86)/atmel/studio/7.0/toolchain/avr8/avr8-gnu-toolchain/bin/../lib/gcc/avr/5.4.0/avrxmega6\libgcc.a(_clear_bss.o)
                0x0000029a                __do_clear_bss
 *(.init4)
 *(.init5)
 *(.init5)
 *(.init6)
 .init6         0x000002aa       0x20 c:/program files (x86)/atmel/studio/7.0/toolchain/avr8/avr8-gnu-toolchain/bin/../lib/gcc/avr/5.4.0/avrxmega6\libgcc.a(_ctors.o)
                0x000002aa                __do_global_ctors
 *(.init6)
 *(.init7)
 *(.init7)
 *(.init8)
 *(.init8)
 *(.init9)
 .init9         0x000002ca        0x8 C:/Program Files (x86)/Atmel/Studio/7.0/Packs/atmel/XMEGAA_DFP/1.1.68/gcc/dev/atxmega256a3u/avrxmega6/crtatxmega256a3u.o
 *(.init9)
 *(.text)
 .text          0x000002d2        0x4 C:/Program Files (x86)/Atmel/Studio/7.0/Packs/atmel/XMEGAA_DFP/1.1.68/gcc/dev/atxmega256a3u/avrxmega6/crtatxmega256a3u.o
                0x000002d2                __vector_38
                0x000002d2                __vector_104
                0x000002d2                __vector_22
                0x000002d2                __vector_63
                0x000002d2                __vector_28
                0x000002d2                __vector_67
                0x000002d2                __vector_1
                0x000002d2                __vector_119
                0x000002d2                __vector_32
                0x000002d2                __vector_75
                0x000002d2                __vector_91
                0x000002d2                __vector_34
                0x000002d2                __vector_62
                0x000002d2                __vector_102
                0x000002d2                __vector_24
                0x000002d2                __vector_12
                0x000002d2                __vector_55
                0x000002d2                __vector_69
                0x000002d2                __vector_81
                0x000002d2                __vector_90
                0x000002d2                __vector_46
                0x000002d2                __bad_interrupt
                0x000002d2                __vector_122
                0x000002d2                __vector_114
                0x000002d2                __vector_6
                0x000002d2                __vector_110
                0x000002d2                __vector_31
                0x000002d2                __vector_92
                0x000002d2                __vector_35
                0x000002d2                __vector_78
                0x000002d2                __vector_117
                0x000002d2                __vector_107
                0x000002d2                __vector_3
                0x000002d2                __vector_105
                0x000002d2                __vector_98
                0x000002d2                __vector_23
                0x000002d2                __vector_68
                0x000002d2                __vector_30
                0x000002d2                __vector_45
                0x000002d2                __vector_25
                0x000002d2                __vector_93
                0x000002d2                __vector_61
                0x000002d2                __vector_11
                0x000002d2                __vector_54
                0x000002d2                __vector_99
                0x000002d2                __vector_13
                0x000002d2                __vector_17
                0x000002d2                __vector_19
                0x000002d2                __vector_56
                0x000002d2                __vector_7
                0x000002d2                __vector_49
                0x000002d2                __vector_123
                0x000002d2                __vector_86
                0x000002d2                __vector_100
                0x000002d2                __vector_101
                0x000002d2                __vector_64
                0x000002d2                __vector_88
                0x000002d2                __vector_109
                0x000002d2                __vector_43
                0x000002d2                __vector_27
                0x000002d2                __vector_5
                0x000002d2                __vector_113
                0x000002d2                __vector_33
                0x000002d2                __vector_76
                0x000002d2                __vector_115
                0x000002d2                __vector_47
                0x000002d2                __vector_52
                0x000002d2                __vector_37
                0x000002d2                __vector_95
                0x000002d2                __vector_103
                0x000002d2                __vector_96
                0x000002d2                __vector_89
                0x000002d2                __vector_108
                0x000002d2                __vector_4
                0x000002d2                __vector_44
                0x000002d2                __vector_82
                0x000002d2                __vector_106
                0x000002d2                __vector_118
                0x000002d2                __vector_51
                0x000002d2                __vector_9
                0x000002d2                __vector_2
                0x000002d2                __vector_21
                0x000002d2                __vector_15
                0x000002d2                __vector_66
                0x000002d2                __vector_36
                0x000002d2                __vector_79
                0x000002d2                __vector_58
                0x000002d2                __vector_70
                0x000002d2                __vector_83
                0x000002d2                __vector_29
                0x000002d2                __vector_60
                0x000002d2                __vector_121
                0x000002d2                __vector_85
                0x000002d2                __vector_94
                0x000002d2                __vector_8
                0x000002d2                __vector_26
                0x000002d2                __vector_48
                0x000002d2                __vector_124
                0x000002d2                __vector_116
                0x000002d2                __vector_112
                0x000002d2                __vector_111
                0x000002d2                __vector_80
                0x000002d2                __vector_14
                0x000002d2                __vector_84
                0x000002d2                __vector_57
                0x000002d2                __vector_53
                0x000002d2                __vector_10
                0x000002d2                __vector_50
                0x000002d2                __vector_16
                0x000002d2                __vector_59
                0x000002d2                __vector_18
                0x000002d2                __vector_97
                0x000002d2                __vector_20
                0x000002d2                __vector_87
                0x000002d2                __vector_65
                0x000002d2                __vector_120
                0x000002d6                . = ALIGN (0x2)
 *(.text.*)
 .text._ZN14CommandDecoderC2Ev
                0x000002d6        0x2 src/CommandDecoder.o
                0x000002d6                _ZN14CommandDecoderC1Ev
                0x000002d6                _ZN14CommandDecoderC2Ev
 .text._ZN14CommandDecoder18Decode4ByteMessageEPh
                0x000002d8        0x6 src/CommandDecoder.o
                0x000002d8                _ZN14CommandDecoder18Decode4ByteMessageEPh
 .text._ZN14CommandDecoder9isCommandEPh
                0x000002de        0xe src/CommandDecoder.o
                0x000002de                _ZN14CommandDecoder9isCommandEPh
 .text._ZN20CommunicationControlC2EP3usbP14CommandDecoderP11SystemStateP10PixelArray
                0x000002ec       0x30 src/CommunicationControl.o
                0x000002ec                _ZN20CommunicationControlC2EP3usbP14CommandDecoderP11SystemStateP10PixelArray
                0x000002ec                _ZN20CommunicationControlC1EP3usbP14CommandDecoderP11SystemStateP10PixelArray
 .text._ZN20CommunicationControl3DSPEv
                0x0000031c       0x7c src/CommunicationControl.o
                0x0000031c                _ZN20CommunicationControl3DSPEv
 .text._ZN20CommunicationControl3DSFEv
                0x00000398       0x62 src/CommunicationControl.o
                0x00000398                _ZN20CommunicationControl3DSFEv
 .text._ZN20CommunicationControl13SetVoltageMaxEv
                0x000003fa       0x4c src/CommunicationControl.o
                0x000003fa                _ZN20CommunicationControl13SetVoltageMaxEv
 .text._ZN20CommunicationControl13SetCurrentMaxEv
                0x00000446       0x4c src/CommunicationControl.o
                0x00000446                _ZN20CommunicationControl13SetCurrentMaxEv
 .text._ZN20CommunicationControl11ExecuteTaskEv
                0x00000492       0x48 src/CommunicationControl.o
                0x00000492                _ZN20CommunicationControl11ExecuteTaskEv
 .text._ZN20CommunicationControl17USB_CommunicationEv
                0x000004da       0x48 src/CommunicationControl.o
                0x000004da                _ZN20CommunicationControl17USB_CommunicationEv
 .text._ZN14generate_frameC2EP10PixelArray
                0x00000522        0x8 src/generate_frame.o
                0x00000522                _ZN14generate_frameC1EP10PixelArray
                0x00000522                _ZN14generate_frameC2EP10PixelArray
 .text.udi_cdc_comm_enable
                0x0000052a       0x56 src/ASF/common/services/usb/class/cdc/device/udi_cdc.o
                0x0000052a                udi_cdc_comm_enable
 .text.udi_cdc_comm_disable
                0x00000580        0xc src/ASF/common/services/usb/class/cdc/device/udi_cdc.o
                0x00000580                udi_cdc_comm_disable
 .text.udi_cdc_data_disable
                0x0000058c       0x14 src/ASF/common/services/usb/class/cdc/device/udi_cdc.o
                0x0000058c                udi_cdc_data_disable
 .text.udi_cdc_data_setup
                0x000005a0        0x4 src/ASF/common/services/usb/class/cdc/device/udi_cdc.o
                0x000005a0                udi_cdc_data_setup
 .text.udi_cdc_getsetting
                0x000005a4        0x4 src/ASF/common/services/usb/class/cdc/device/udi_cdc.o
                0x000005a4                udi_cdc_getsetting
 .text.udi_cdc_comm_setup
                0x000005a8       0x94 src/ASF/common/services/usb/class/cdc/device/udi_cdc.o
                0x000005a8                udi_cdc_comm_setup
 .text.udi_cdc_line_coding_received
                0x0000063c        0x2 src/ASF/common/services/usb/class/cdc/device/udi_cdc.o
 .text.udi_cdc_tx_send
                0x0000063e      0x164 src/ASF/common/services/usb/class/cdc/device/udi_cdc.o
 .text.udi_cdc_data_sent
                0x000007a2       0x32 src/ASF/common/services/usb/class/cdc/device/udi_cdc.o
 .text.udi_cdc_data_sof_notify
                0x000007d4        0x8 src/ASF/common/services/usb/class/cdc/device/udi_cdc.o
                0x000007d4                udi_cdc_data_sof_notify
 .text.udi_cdc_multi_get_nb_received_data
                0x000007dc       0x3a src/ASF/common/services/usb/class/cdc/device/udi_cdc.o
                0x000007dc                udi_cdc_multi_get_nb_received_data
 .text.udi_cdc_multi_is_rx_ready
                0x00000816       0x10 src/ASF/common/services/usb/class/cdc/device/udi_cdc.o
                0x00000816                udi_cdc_multi_is_rx_ready
 .text.udi_cdc_rx_start
                0x00000826       0x9c src/ASF/common/services/usb/class/cdc/device/udi_cdc.o
 .text.udi_cdc_data_enable
                0x000008c2       0x68 src/ASF/common/services/usb/class/cdc/device/udi_cdc.o
                0x000008c2                udi_cdc_data_enable
 .text.udi_cdc_data_received
                0x0000092a       0x62 src/ASF/common/services/usb/class/cdc/device/udi_cdc.o
 .text.udi_cdc_is_rx_ready
                0x0000098c        0x8 src/ASF/common/services/usb/class/cdc/device/udi_cdc.o
                0x0000098c                udi_cdc_is_rx_ready
 .text.udi_cdc_multi_getc
                0x00000994       0xaa src/ASF/common/services/usb/class/cdc/device/udi_cdc.o
                0x00000994                udi_cdc_multi_getc
 .text.udi_cdc_getc
                0x00000a3e        0x8 src/ASF/common/services/usb/class/cdc/device/udi_cdc.o
                0x00000a3e                udi_cdc_getc
 .text.udc_next_desc_in_iface
                0x00000a46       0x6a src/ASF/common/services/usb/udc/udc.o
 .text.udc_valid_address
                0x00000ab0        0xc src/ASF/common/services/usb/udc/udc.o
 .text.udc_update_iface_desc
                0x00000abc       0x74 src/ASF/common/services/usb/udc/udc.o
 .text.udc_iface_disable
                0x00000b30       0x8a src/ASF/common/services/usb/udc/udc.o
 .text.udc_iface_enable
                0x00000bba       0x6a src/ASF/common/services/usb/udc/udc.o
 .text.udc_start
                0x00000c24        0x6 src/ASF/common/services/usb/udc/udc.o
                0x00000c24                udc_start
 .text.udc_reset
                0x00000c2a       0x50 src/ASF/common/services/usb/udc/udc.o
                0x00000c2a                udc_reset
 .text.udc_sof_notify
                0x00000c7a       0x60 src/ASF/common/services/usb/udc/udc.o
                0x00000c7a                udc_sof_notify
 .text.udc_process_setup
                0x00000cda      0x530 src/ASF/common/services/usb/udc/udc.o
                0x00000cda                udc_process_setup
 .text.udd_sleep_mode
                0x0000120a       0x70 src/ASF/xmega/drivers/usb/usb_device.o
 .text.udd_ctrl_init
                0x0000127a       0x4a src/ASF/xmega/drivers/usb/usb_device.o
 .text.udd_ctrl_stall_data
                0x000012c4       0x1c src/ASF/xmega/drivers/usb/usb_device.o
 .text.udd_ctrl_send_zlp_in
                0x000012e0       0x1c src/ASF/xmega/drivers/usb/usb_device.o
 .text.udd_ctrl_endofrequest
                0x000012fc       0x10 src/ASF/xmega/drivers/usb/usb_device.o
 .text.udd_ctrl_in_sent
                0x0000130c       0xdc src/ASF/xmega/drivers/usb/usb_device.o
 .text.udd_ep_get_size
                0x000013e8       0x52 src/ASF/xmega/drivers/usb/usb_device.o
 .text.udd_ep_get_job
                0x0000143a       0x36 src/ASF/xmega/drivers/usb/usb_device.o
 .text.udd_ctrl_interrupt_tc_setup
                0x00001470       0xee src/ASF/xmega/drivers/usb/usb_device.o
 .text.udd_ep_trans_complet
                0x0000155e      0x30c src/ASF/xmega/drivers/usb/usb_device.o
 .text.udd_attach
                0x0000186a       0x5c src/ASF/xmega/drivers/usb/usb_device.o
                0x0000186a                udd_attach
 .text.udd_enable
                0x000018c6      0x10c src/ASF/xmega/drivers/usb/usb_device.o
                0x000018c6                udd_enable
 .text.udd_is_high_speed
                0x000019d2        0x4 src/ASF/xmega/drivers/usb/usb_device.o
                0x000019d2                udd_is_high_speed
 .text.udd_set_address
                0x000019d6        0x6 src/ASF/xmega/drivers/usb/usb_device.o
                0x000019d6                udd_set_address
 .text.udd_getaddress
                0x000019dc        0x6 src/ASF/xmega/drivers/usb/usb_device.o
                0x000019dc                udd_getaddress
 .text.udd_get_frame_number
                0x000019e2        0xa src/ASF/xmega/drivers/usb/usb_device.o
                0x000019e2                udd_get_frame_number
 .text.udd_get_micro_frame_number
                0x000019ec        0x6 src/ASF/xmega/drivers/usb/usb_device.o
                0x000019ec                udd_get_micro_frame_number
 .text.udd_set_setup_payload
                0x000019f2        0xe src/ASF/xmega/drivers/usb/usb_device.o
                0x000019f2                udd_set_setup_payload
 .text.udd_ep_alloc
                0x00001a00      0x110 src/ASF/xmega/drivers/usb/usb_device.o
                0x00001a00                udd_ep_alloc
 .text.udd_ep_is_halted
                0x00001b10       0x36 src/ASF/xmega/drivers/usb/usb_device.o
                0x00001b10                udd_ep_is_halted
 .text.udd_ep_clear_halt
                0x00001b46       0x70 src/ASF/xmega/drivers/usb/usb_device.o
                0x00001b46                udd_ep_clear_halt
 .text.udd_ep_run
                0x00001bb6      0x19c src/ASF/xmega/drivers/usb/usb_device.o
                0x00001bb6                udd_ep_run
 .text.udd_ep_abort
                0x00001d52       0xa0 src/ASF/xmega/drivers/usb/usb_device.o
                0x00001d52                udd_ep_abort
 .text.udd_ep_free
                0x00001df2       0x3a src/ASF/xmega/drivers/usb/usb_device.o
                0x00001df2                udd_ep_free
 .text.udd_ep_set_halt
                0x00001e2c       0x3c src/ASF/xmega/drivers/usb/usb_device.o
                0x00001e2c                udd_ep_set_halt
 .text.__vector_125
                0x00001e68      0x184 src/ASF/xmega/drivers/usb/usb_device.o
                0x00001e68                __vector_125
 .text.__vector_126
                0x00001fec      0x204 src/ASF/xmega/drivers/usb/usb_device.o
                0x00001fec                __vector_126
 .text._ZN7NCV760815setDriverEnableEhb
                0x000021f0       0x2e src/Devices/NCV7608.o
                0x000021f0                _ZN7NCV760815setDriverEnableEhb
 .text._ZN7NCV760820setDiagnosticsEnableEhb
                0x0000221e       0x2e src/Devices/NCV7608.o
                0x0000221e                _ZN7NCV760820setDiagnosticsEnableEhb
 .text._ZN7NCV760812writeChangesEv
                0x0000224c       0xb0 src/Devices/NCV7608.o
                0x0000224c                _ZN7NCV760812writeChangesEv
 .text._ZN7NCV7608C2EP3SPI
                0x000022fc       0x5e src/Devices/NCV7608.o
                0x000022fc                _ZN7NCV7608C2EP3SPI
                0x000022fc                _ZN7NCV7608C1EP3SPI
 .text._ZN3SPI9getSpiHalEv
                0x0000235a        0x8 src/Interfaces/SPI.o
                0x0000235a                _ZN3SPI9getSpiHalEv
 .text._ZN3SPI5setSSEv
                0x00002362        0xc src/Interfaces/SPI.o
                0x00002362                _ZN3SPI5setSSEv
 .text._ZN3SPI9releaseSSEv
                0x0000236e        0xc src/Interfaces/SPI.o
                0x0000236e                _ZN3SPI9releaseSSEv
 .text._ZN3SPIC2EP6SpiHalP3Pin
                0x0000237a       0x32 src/Interfaces/SPI.o
                0x0000237a                _ZN3SPIC2EP6SpiHalP3Pin
                0x0000237a                _ZN3SPIC1EP6SpiHalP3Pin
 .text._ZN15SpiNativeMaster10transceiveEh
                0x000023ac       0x1e src/Interfaces/SpiNativeMaster.o
                0x000023ac                _ZN15SpiNativeMaster10transceiveEh
 .text._ZN15SpiNativeMaster15transceiveAsyncEh
                0x000023ca       0x34 src/Interfaces/SpiNativeMaster.o
                0x000023ca                _ZN15SpiNativeMaster15transceiveAsyncEh
 .text._ZN15SpiNativeMaster29waitUntilTransmissionCompleteEv
                0x000023fe       0x1e src/Interfaces/SpiNativeMaster.o
                0x000023fe                _ZN15SpiNativeMaster29waitUntilTransmissionCompleteEv
 .text._ZN15SpiNativeMaster9configureE13SPI_MODE_enumm
                0x0000241c      0x35a src/Interfaces/SpiNativeMaster.o
                0x0000241c                _ZN15SpiNativeMaster9configureE13SPI_MODE_enumm
 .text._ZN15SpiNativeMasterC2EP10SPI_structP11PORT_struct
                0x00002776       0x18 src/Interfaces/SpiNativeMaster.o
                0x00002776                _ZN15SpiNativeMasterC2EP10SPI_structP11PORT_struct
                0x00002776                _ZN15SpiNativeMasterC1EP10SPI_structP11PORT_struct
 .text._Znwj    0x0000278e        0x6 src/operators.o
                0x0000278e                _Znwj
 .text._ZN13AnalogInputDEC2EP10ADC_struct20adcch_positive_input20adcch_negative_inputh
                0x00002794      0x372 src/Periphery/AnalogInputDE.o
                0x00002794                _ZN13AnalogInputDEC1EP10ADC_struct20adcch_positive_input20adcch_negative_inputh
                0x00002794                _ZN13AnalogInputDEC2EP10ADC_struct20adcch_positive_input20adcch_negative_inputh
 .text._ZN13AnalogInputDE8getValueEv
                0x00002b06       0x80 src/Periphery/AnalogInputDE.o
                0x00002b06                _ZN13AnalogInputDE8getValueEv
 .text._ZN13AnalogInputDE19getOversampledValueEj
                0x00002b86       0x68 src/Periphery/AnalogInputDE.o
                0x00002b86                _ZN13AnalogInputDE19getOversampledValueEj
 .text._ZN12AnalogOutputC2EP3DAChhh
                0x00002bee       0x1a src/Periphery/AnalogOutput.o
                0x00002bee                _ZN12AnalogOutputC2EP3DAChhh
                0x00002bee                _ZN12AnalogOutputC1EP3DAChhh
 .text._ZN12AnalogOutput8setValueEj
                0x00002c08       0x10 src/Periphery/AnalogOutput.o
                0x00002c08                _ZN12AnalogOutput8setValueEj
 .text._ZN3DACC2EP10DAC_struct15DAC_REFSEL_enumb
                0x00002c18       0x56 src/Periphery/DAC.o
                0x00002c18                _ZN3DACC2EP10DAC_struct15DAC_REFSEL_enumb
                0x00002c18                _ZN3DACC1EP10DAC_struct15DAC_REFSEL_enumb
 .text._ZN3DAC8setValueEhj
                0x00002c6e       0x1c src/Periphery/DAC.o
                0x00002c6e                _ZN3DAC8setValueEhj
 .text._ZN3DAC14setCalibrationEhhh
                0x00002c8a       0x28 src/Periphery/DAC.o
                0x00002c8a                _ZN3DAC14setCalibrationEhhh
 .text._ZN3PinC2EP11PORT_structh
                0x00002cb2       0x82 src/Periphery/Pin.o
                0x00002cb2                _ZN3PinC2EP11PORT_structh
                0x00002cb2                _ZN3PinC1EP11PORT_structh
 .text._ZN3Pin13setPinControlEh
                0x00002d34        0xe src/Periphery/Pin.o
                0x00002d34                _ZN3Pin13setPinControlEh
 .text._ZN3Pin12setDirectionEv
                0x00002d42       0x10 src/Periphery/Pin.o
                0x00002d42                _ZN3Pin12setDirectionEv
 .text._ZN3Pin9setOutputEv
                0x00002d52       0x10 src/Periphery/Pin.o
                0x00002d52                _ZN3Pin9setOutputEv
 .text._ZN3Pin11clearOutputEv
                0x00002d62       0x10 src/Periphery/Pin.o
                0x00002d62                _ZN3Pin11clearOutputEv
 .text._ZN5PixelC2EP7NCV7608h
                0x00002d72        0xa src/Pixel.o
                0x00002d72                _ZN5PixelC1EP7NCV7608h
                0x00002d72                _ZN5PixelC2EP7NCV7608h
 .text._ZN5Pixel9setEnableEb
                0x00002d7c       0x10 src/Pixel.o
                0x00002d7c                _ZN5Pixel9setEnableEb
 .text._ZN10PixelArray15refresh_driversEv
                0x00002d8c       0x36 src/PixelArray.o
                0x00002d8c                _ZN10PixelArray15refresh_driversEv
 .text._ZN10PixelArray10PrintFrameEy
                0x00002dc2       0xce src/PixelArray.o
                0x00002dc2                _ZN10PixelArray10PrintFrameEy
 .text._ZN10PixelArray11print_pixelEhhb
                0x00002e90       0x36 src/PixelArray.o
                0x00002e90                _ZN10PixelArray11print_pixelEhhb
 .text._ZN10PixelArray11pixelInitV1EPA8_P5PixelPP7NCV7608
                0x00002ec6      0x6c2 src/PixelArray.o
                0x00002ec6                _ZN10PixelArray11pixelInitV1EPA8_P5PixelPP7NCV7608
 .text._ZN10PixelArrayC2EhhPA8_P5PixelPP7NCV7608
                0x00003588       0x20 src/PixelArray.o
                0x00003588                _ZN10PixelArrayC2EhhPA8_P5PixelPP7NCV7608
                0x00003588                _ZN10PixelArrayC1EhhPA8_P5PixelPP7NCV7608
 .text._ZN11SystemStateC2EP10PixelArrayP12SystemValues
                0x000035a8       0x10 src/SystemState.o
                0x000035a8                _ZN11SystemStateC2EP10PixelArrayP12SystemValues
                0x000035a8                _ZN11SystemStateC1EP10PixelArrayP12SystemValues
 .text._ZN11SystemState12GetNextStateEv
                0x000035b8       0xa2 src/SystemState.o
                0x000035b8                _ZN11SystemState12GetNextStateEv
 .text._ZN11SystemState17RecieveNewCommandEh
                0x0000365a        0xa src/SystemState.o
                0x0000365a                _ZN11SystemState17RecieveNewCommandEh
 .text._ZN11SystemState15GetCurrentStateEv
                0x00003664        0x6 src/SystemState.o
                0x00003664                _ZN11SystemState15GetCurrentStateEv
 .text._ZN11SystemState15GetSystemValuesEv
                0x0000366a        0x8 src/SystemState.o
                0x0000366a                _ZN11SystemState15GetSystemValuesEv
 .text._ZN12SystemValues13setLedVoltageEj
                0x00003672       0x2c src/SystemValues.o
                0x00003672                _ZN12SystemValues13setLedVoltageEj
 .text._ZN12SystemValues18setLedCurrentLimitEj
                0x0000369e       0x2c src/SystemValues.o
                0x0000369e                _ZN12SystemValues18setLedCurrentLimitEj
 .text._ZN12SystemValuesC2EjjP12AnalogOutputS1_
                0x000036ca       0x3c src/SystemValues.o
                0x000036ca                _ZN12SystemValuesC2EjjP12AnalogOutputS1_
                0x000036ca                _ZN12SystemValuesC1EjjP12AnalogOutputS1_
 .text._ZN3usbC2Ev
                0x00003706        0x2 src/usb.o
                0x00003706                _ZN3usbC1Ev
                0x00003706                _ZN3usbC2Ev
 .text.adc_enable_clock
                0x00003708       0x42 src/ASF/xmega/drivers/adc/adc.o
                0x00003708                adc_enable_clock
 .text.adc_disable_clock
                0x0000374a       0x3e src/ASF/xmega/drivers/adc/adc.o
                0x0000374a                adc_disable_clock
 .text.adc_enable
                0x00003788       0x5a src/ASF/xmega/drivers/adc/adc.o
                0x00003788                adc_enable
 .text.__vector_71
                0x000037e2       0x64 src/ASF/xmega/drivers/adc/xmega_aau/adc_aau.o
                0x000037e2                __vector_71
 .text.__vector_72
                0x00003846       0x64 src/ASF/xmega/drivers/adc/xmega_aau/adc_aau.o
                0x00003846                __vector_72
 .text.__vector_73
                0x000038aa       0x64 src/ASF/xmega/drivers/adc/xmega_aau/adc_aau.o
                0x000038aa                __vector_73
 .text.__vector_74
                0x0000390e       0x64 src/ASF/xmega/drivers/adc/xmega_aau/adc_aau.o
                0x0000390e                __vector_74
 .text.__vector_39
                0x00003972       0x64 src/ASF/xmega/drivers/adc/xmega_aau/adc_aau.o
                0x00003972                __vector_39
 .text.__vector_40
                0x000039d6       0x64 src/ASF/xmega/drivers/adc/xmega_aau/adc_aau.o
                0x000039d6                __vector_40
 .text.__vector_41
                0x00003a3a       0x64 src/ASF/xmega/drivers/adc/xmega_aau/adc_aau.o
                0x00003a3a                __vector_41
 .text.__vector_42
                0x00003a9e       0x64 src/ASF/xmega/drivers/adc/xmega_aau/adc_aau.o
                0x00003a9e                __vector_42
 .text.adc_write_configuration
                0x00003b02       0xd8 src/ASF/xmega/drivers/adc/xmega_aau/adc_aau.o
                0x00003b02                adc_write_configuration
 .text.adc_read_configuration
                0x00003bda       0x76 src/ASF/xmega/drivers/adc/xmega_aau/adc_aau.o
                0x00003bda                adc_read_configuration
 .text.adcch_write_configuration
                0x00003c50       0x9a src/ASF/xmega/drivers/adc/xmega_aau/adc_aau.o
                0x00003c50                adcch_write_configuration
 .text.adcch_read_configuration
                0x00003cea       0x9a src/ASF/xmega/drivers/adc/xmega_aau/adc_aau.o
                0x00003cea                adcch_read_configuration
 .text.sysclk_init
                0x00003d84       0xda src/ASF/common/services/clock/xmega/sysclk.o
                0x00003d84                sysclk_init
 .text.sysclk_enable_module
                0x00003e5e       0x2c src/ASF/common/services/clock/xmega/sysclk.o
                0x00003e5e                sysclk_enable_module
 .text.sysclk_disable_module
                0x00003e8a       0x2a src/ASF/common/services/clock/xmega/sysclk.o
                0x00003e8a                sysclk_disable_module
 .text.sysclk_enable_usb
                0x00003eb4       0x8e src/ASF/common/services/clock/xmega/sysclk.o
                0x00003eb4                sysclk_enable_usb
 .text.dac_enable_clock
                0x00003f42       0x20 src/ASF/xmega/drivers/dac/dac.o
 .text.dac_enable
                0x00003f62       0x5a src/ASF/xmega/drivers/dac/dac.o
                0x00003f62                dac_enable
 .text.nvm_read_byte
                0x00003fbc       0x14 src/ASF/xmega/drivers/nvm/nvm_asm.o
                0x00003fbc                nvm_read_byte
 .text.ccp_write_io
                0x00003fd0        0xc src/ASF/xmega/drivers/cpu/ccp.o
                0x00003fd0                ccp_write_io
 .text.board_init
                0x00003fdc        0x2 src/ASF/common/boards/user_board/init.o
                0x00003fdc                board_init
 .text._Z16SystemValuesInitv
                0x00003fde       0x48 src/main.o
                0x00003fde                _Z16SystemValuesInitv
 .text._Z24CommunicationControlInitv
                0x00004026       0x48 src/main.o
                0x00004026                _Z24CommunicationControlInitv
 .text._Z14pixelArrayInitv
                0x0000406e       0x38 src/main.o
                0x0000406e                _Z14pixelArrayInitv
 .text._Z9frameInitv
                0x000040a6       0x28 src/main.o
                0x000040a6                _Z9frameInitv
 .text._Z15systemStateInitv
                0x000040ce       0x30 src/main.o
                0x000040ce                _Z15systemStateInitv
 .text._Z7usbInitv
                0x000040fe        0xa src/main.o
                0x000040fe                _Z7usbInitv
 .text._Z10driverInitv
                0x00004108      0x222 src/main.o
                0x00004108                _Z10driverInitv
 .text._Z15analogInputInitv
                0x0000432a       0x2e src/main.o
                0x0000432a                _Z15analogInputInitv
 .text._Z16analogOutputInitv
                0x00004358       0x68 src/main.o
                0x00004358                _Z16analogOutputInitv
 .text._Z9timerInitv
                0x000043c0       0x24 src/main.o
                0x000043c0                _Z9timerInitv
 .text.main     0x000043e4       0x58 src/main.o
                0x000043e4                main
 .text.__vector_77
                0x0000443c       0x16 src/main.o
                0x0000443c                __vector_77
 .text._GLOBAL__sub_I_drivers
                0x00004452       0x36 src/main.o
 .text.libgcc.div
                0x00004488       0x28 c:/program files (x86)/atmel/studio/7.0/toolchain/avr8/avr8-gnu-toolchain/bin/../lib/gcc/avr/5.4.0/avrxmega6\libgcc.a(_udivmodhi4.o)
                0x00004488                __udivmodhi4
 .text.libgcc.div
                0x000044b0       0x44 c:/program files (x86)/atmel/studio/7.0/toolchain/avr8/avr8-gnu-toolchain/bin/../lib/gcc/avr/5.4.0/avrxmega6\libgcc.a(_udivmodsi4.o)
                0x000044b0                __udivmodsi4
 .text.libgcc   0x000044f4       0x10 c:/program files (x86)/atmel/studio/7.0/toolchain/avr8/avr8-gnu-toolchain/bin/../lib/gcc/avr/5.4.0/avrxmega6\libgcc.a(_tablejump2.o)
                0x000044f4                __tablejump2__
 .text.libgcc.mul
                0x00004504       0x1e c:/program files (x86)/atmel/studio/7.0/toolchain/avr8/avr8-gnu-toolchain/bin/../lib/gcc/avr/5.4.0/avrxmega6\libgcc.a(_umulhisi3.o)
                0x00004504                __umulhisi3
 .text.libgcc.builtins
                0x00004522       0x3c c:/program files (x86)/atmel/studio/7.0/toolchain/avr8/avr8-gnu-toolchain/bin/../lib/gcc/avr/5.4.0/avrxmega6\libgcc.a(_ashrdi3.o)
                0x00004522                __ashrdi3
                0x00004526                __lshrdi3
 .text.avr-libc
                0x0000455e      0x242 c:/program files (x86)/atmel/studio/7.0/toolchain/avr8/avr8-gnu-toolchain/bin/../lib/gcc/avr/5.4.0/../../../../avr/lib/avrxmega6\libc.a(malloc.o)
                0x0000455e                malloc
                0x0000468e                free
 .text.avr-libc
                0x000047a0       0x12 c:/program files (x86)/atmel/studio/7.0/toolchain/avr8/avr8-gnu-toolchain/bin/../lib/gcc/avr/5.4.0/../../../../avr/lib/avrxmega6\libc.a(memcpy.o)
                0x000047a0                memcpy
                0x000047b2                . = ALIGN (0x2)
 *(.fini9)
 .fini9         0x000047b2        0x0 c:/program files (x86)/atmel/studio/7.0/toolchain/avr8/avr8-gnu-toolchain/bin/../lib/gcc/avr/5.4.0/avrxmega6\libgcc.a(_exit.o)
                0x000047b2                _exit
                0x000047b2                exit
 *(.fini9)
 *(.fini8)
 *(.fini8)
 *(.fini7)
 *(.fini7)
 *(.fini6)
 *(.fini6)
 *(.fini5)
 *(.fini5)
 *(.fini4)
 *(.fini4)
 *(.fini3)
 *(.fini3)
 *(.fini2)
 *(.fini2)
 *(.fini1)
 *(.fini1)
 *(.fini0)
 .fini0         0x000047b2        0x4 c:/program files (x86)/atmel/studio/7.0/toolchain/avr8/avr8-gnu-toolchain/bin/../lib/gcc/avr/5.4.0/avrxmega6\libgcc.a(_exit.o)
 *(.fini0)
                0x000047b6                _etext = .

.data           0x00802000       0xe4 load address 0x000047b6
                0x00802000                PROVIDE (__data_start, .)
 *(.data)
 .data          0x00802000        0x6 c:/program files (x86)/atmel/studio/7.0/toolchain/avr8/avr8-gnu-toolchain/bin/../lib/gcc/avr/5.4.0/../../../../avr/lib/avrxmega6\libc.a(malloc.o)
                0x00802000                __malloc_heap_end
                0x00802002                __malloc_heap_start
                0x00802004                __malloc_margin
 *(.data*)
 .data.udi_api_cdc_data
                0x00802006        0xa src/ASF/common/services/usb/class/cdc/device/udi_cdc.o
                0x00802006                udi_api_cdc_data
 .data.udi_api_cdc_comm
                0x00802010        0xa src/ASF/common/services/usb/class/cdc/device/udi_cdc.o
                0x00802010                udi_api_cdc_comm
 .data.udc_string_desc
                0x0080201a       0x2a src/ASF/common/services/usb/udc/udc.o
 .data.udc_string_product_name
                0x00802044        0xb src/ASF/common/services/usb/udc/udc.o
 .data.udc_string_manufacturer_name
                0x0080204f       0x15 src/ASF/common/services/usb/udc/udc.o
 .data.udc_string_desc_languageid
                0x00802064        0x4 src/ASF/common/services/usb/udc/udc.o
 .data.udc_config
                0x00802068        0x6 src/ASF/common/services/usb/class/cdc/device/udi_cdc_desc.o
                0x00802068                udc_config
 .data.udc_config_fs
                0x0080206e        0x4 src/ASF/common/services/usb/class/cdc/device/udi_cdc_desc.o
                0x0080206e                udc_config_fs
 .data.udi_apis
                0x00802072        0x4 src/ASF/common/services/usb/class/cdc/device/udi_cdc_desc.o
                0x00802072                udi_apis
 .data.udc_desc_fs
                0x00802076       0x44 src/ASF/common/services/usb/class/cdc/device/udi_cdc_desc.o
                0x00802076                udc_desc_fs
 .data.udc_device_desc
                0x008020ba       0x12 src/ASF/common/services/usb/class/cdc/device/udi_cdc_desc.o
                0x008020ba                udc_device_desc
 .data.rowCount
                0x008020cc        0x1 src/main.o
                0x008020cc                rowCount
 .data.colCount
                0x008020cd        0x1 src/main.o
                0x008020cd                colCount
 .data.VoltageMaxDefault
                0x008020ce        0x2 src/main.o
                0x008020ce                VoltageMaxDefault
 .data.CurrentMaxDefault
                0x008020d0        0x2 src/main.o
                0x008020d0                CurrentMaxDefault
 *(.gnu.linkonce.d*)
 *(.rodata)
 *(.rodata*)
 .rodata._ZTV15SpiNativeMaster
                0x008020d2        0xc src/Interfaces/SpiNativeMaster.o
                0x008020d2                _ZTV15SpiNativeMaster
 .rodata._ZTV13AnalogInputDE
                0x008020de        0x6 src/Periphery/AnalogInputDE.o
                0x008020de                _ZTV13AnalogInputDE
 *(.gnu.linkonce.r*)
                0x008020e4                . = ALIGN (0x2)
                0x008020e4                _edata = .
                0x008020e4                PROVIDE (__data_end, .)

.bss            0x008020e4      0x32a
                0x008020e4                PROVIDE (__bss_start, .)
 *(.bss)
 *(.bss*)
 .bss.sof_zlp_counter.5038
                0x008020e4        0x2 src/ASF/common/services/usb/class/cdc/device/udi_cdc.o
 .bss.udi_cdc_tx_both_buf_to_send
                0x008020e6        0x1 src/ASF/common/services/usb/class/cdc/device/udi_cdc.o
 .bss.udi_cdc_tx_trans_ongoing
                0x008020e7        0x1 src/ASF/common/services/usb/class/cdc/device/udi_cdc.o
 .bss.udi_cdc_tx_sof_num
                0x008020e8        0x2 src/ASF/common/services/usb/class/cdc/device/udi_cdc.o
 .bss.udi_cdc_tx_buf_sel
                0x008020ea        0x1 src/ASF/common/services/usb/class/cdc/device/udi_cdc.o
 .bss.udi_cdc_tx_buf_nb
                0x008020eb        0x4 src/ASF/common/services/usb/class/cdc/device/udi_cdc.o
 *fill*         0x008020ef        0x1 
 .bss.udi_cdc_tx_buf
                0x008020f0       0x80 src/ASF/common/services/usb/class/cdc/device/udi_cdc.o
 .bss.udi_cdc_rx_trans_ongoing
                0x00802170        0x1 src/ASF/common/services/usb/class/cdc/device/udi_cdc.o
 .bss.udi_cdc_rx_pos
                0x00802171        0x2 src/ASF/common/services/usb/class/cdc/device/udi_cdc.o
 .bss.udi_cdc_rx_buf_sel
                0x00802173        0x1 src/ASF/common/services/usb/class/cdc/device/udi_cdc.o
 .bss.udi_cdc_rx_buf_nb
                0x00802174        0x4 src/ASF/common/services/usb/class/cdc/device/udi_cdc.o
 .bss.udi_cdc_rx_buf
                0x00802178       0x80 src/ASF/common/services/usb/class/cdc/device/udi_cdc.o
 .bss.udi_cdc_data_running
                0x008021f8        0x1 src/ASF/common/services/usb/class/cdc/device/udi_cdc.o
 .bss.udi_cdc_nb_data_enabled
                0x008021f9        0x1 src/ASF/common/services/usb/class/cdc/device/udi_cdc.o
 .bss.udi_cdc_nb_comm_enabled
                0x008021fa        0x1 src/ASF/common/services/usb/class/cdc/device/udi_cdc.o
 *fill*         0x008021fb        0x1 
 .bss.uid_cdc_state_msg
                0x008021fc        0xa src/ASF/common/services/usb/class/cdc/device/udi_cdc.o
 .bss.udi_cdc_state
                0x00802206        0x2 src/ASF/common/services/usb/class/cdc/device/udi_cdc.o
 .bss.udi_cdc_line_coding
                0x00802208        0x8 src/ASF/common/services/usb/class/cdc/device/udi_cdc.o
 .bss.udc_ep_status.4733
                0x00802210        0x2 src/ASF/common/services/usb/udc/udc.o
 .bss.udc_ptr_iface
                0x00802212        0x2 src/ASF/common/services/usb/udc/udc.o
 .bss.udc_ptr_conf
                0x00802214        0x2 src/ASF/common/services/usb/udc/udc.o
 .bss.udc_num_configuration
                0x00802216        0x2 src/ASF/common/services/usb/udc/udc.o
 .bss.udc_iface_setting
                0x00802218        0x2 src/ASF/common/services/usb/udc/udc.o
 .bss.udc_device_status
                0x0080221a        0x2 src/ASF/common/services/usb/udc/udc.o
 .bss.b_shortpacket.5448
                0x0080221c        0x1 src/ASF/xmega/drivers/usb/usb_device.o
 .bss.udd_ep_out_cache_buffer
                0x0080221d       0x80 src/ASF/xmega/drivers/usb/usb_device.o
 .bss.udd_ep_job
                0x0080229d       0x24 src/ASF/xmega/drivers/usb/usb_device.o
 .bss.udd_ctrl_buffer
                0x008022c1       0x40 src/ASF/xmega/drivers/usb/usb_device.o
 .bss.udd_ctrl_payload_nb_trans
                0x00802301        0x2 src/ASF/xmega/drivers/usb/usb_device.o
 .bss.udd_ctrl_prev_payload_nb_trans
                0x00802303        0x2 src/ASF/xmega/drivers/usb/usb_device.o
 .bss.udd_ep_control_state
                0x00802305        0x1 src/ASF/xmega/drivers/usb/usb_device.o
 *fill*         0x00802306        0x2 
 .bss.udd_sram  0x00802308       0x40 src/ASF/xmega/drivers/usb/usb_device.o
 .bss.udd_b_idle
                0x00802348        0x1 src/ASF/xmega/drivers/usb/usb_device.o
 .bss.adcb_enable_count
                0x00802349        0x1 src/ASF/xmega/drivers/adc/adc.o
 .bss.adca_enable_count
                0x0080234a        0x1 src/ASF/xmega/drivers/adc/adc.o
 .bss.dacb_enable_count
                0x0080234b        0x1 src/ASF/xmega/drivers/dac/dac.o
 .bss.communicationControl
                0x0080234c        0x2 src/main.o
                0x0080234c                communicationControl
 .bss.commandDecoder
                0x0080234e        0x2 src/main.o
                0x0080234e                commandDecoder
 .bss._systemState
                0x00802350        0x2 src/main.o
                0x00802350                _systemState
 .bss.frame_generator
                0x00802352        0x2 src/main.o
                0x00802352                frame_generator
 .bss._pixelArray
                0x00802354        0x2 src/main.o
                0x00802354                _pixelArray
 .bss.usb_connection
                0x00802356        0x2 src/main.o
                0x00802356                usb_connection
 .bss.systemValues
                0x00802358        0x2 src/main.o
                0x00802358                systemValues
 .bss.ledCurrent
                0x0080235a        0x2 src/main.o
                0x0080235a                ledCurrent
 .bss.ledVoltage
                0x0080235c        0x2 src/main.o
                0x0080235c                ledVoltage
 .bss.currentSense
                0x0080235e        0x2 src/main.o
                0x0080235e                currentSense
 .bss.pixels    0x00802360       0x80 src/main.o
                0x00802360                pixels
 .bss.drivers   0x008023e0       0x10 src/main.o
                0x008023e0                drivers
 *(COMMON)
 COMMON         0x008023f0       0x10 src/ASF/xmega/drivers/usb/usb_device.o
                0x008023f0                udd_g_ctrlreq
 COMMON         0x00802400        0x4 src/ASF/xmega/drivers/adc/adc.o
                0x00802400                adcb_callback
                0x00802402                adca_callback
 COMMON         0x00802404        0x6 src/ASF/common/services/sleepmgr/xmega/sleepmgr.o
                0x00802404                sleepmgr_locks
 COMMON         0x0080240a        0x4 c:/program files (x86)/atmel/studio/7.0/toolchain/avr8/avr8-gnu-toolchain/bin/../lib/gcc/avr/5.4.0/../../../../avr/lib/avrxmega6\libc.a(malloc.o)
                0x0080240a                __brkval
                0x0080240c                __flp
                0x0080240e                PROVIDE (__bss_end, .)
                0x000047b6                __data_load_start = LOADADDR (.data)
                0x0000489a                __data_load_end = (__data_load_start + SIZEOF (.data))

.noinit         0x0080240e        0x0
                [!provide]                PROVIDE (__noinit_start, .)
 *(.noinit*)
                [!provide]                PROVIDE (__noinit_end, .)
                0x0080240e                _end = .
                0x0080240e                PROVIDE (__heap_start, .)

.eeprom         0x00810000        0x0
 *(.eeprom*)
                0x00810000                __eeprom_end = .

.fuse
 *(.fuse)
 *(.lfuse)
 *(.hfuse)
 *(.efuse)

.lock
 *(.lock*)

.signature
 *(.signature*)

.user_signatures
 *(.user_signatures*)

.stab
 *(.stab)

.stabstr
 *(.stabstr)

.stab.excl
 *(.stab.excl)

.stab.exclstr
 *(.stab.exclstr)

.stab.index
 *(.stab.index)

.stab.indexstr
 *(.stab.indexstr)

.comment        0x00000000       0x30
 *(.comment)
 .comment       0x00000000       0x30 src/CommandDecoder.o
                                 0x31 (size before relaxing)
 .comment       0x00000030       0x31 src/CommunicationControl.o
 .comment       0x00000030       0x31 src/generate_frame.o
 .comment       0x00000030       0x31 src/ASF/common/services/usb/class/cdc/device/udi_cdc.o
 .comment       0x00000030       0x31 src/ASF/common/services/usb/udc/udc.o
 .comment       0x00000030       0x31 src/ASF/xmega/drivers/usb/usb_device.o
 .comment       0x00000030       0x31 src/Devices/NCV7608.o
 .comment       0x00000030       0x31 src/Interfaces/SPI.o
 .comment       0x00000030       0x31 src/Interfaces/SpiNativeMaster.o
 .comment       0x00000030       0x31 src/operators.o
 .comment       0x00000030       0x31 src/Periphery/AnalogInputDE.o
 .comment       0x00000030       0x31 src/Periphery/AnalogOutput.o
 .comment       0x00000030       0x31 src/Periphery/DAC.o
 .comment       0x00000030       0x31 src/Periphery/Pin.o
 .comment       0x00000030       0x31 src/Pixel.o
 .comment       0x00000030       0x31 src/PixelArray.o
 .comment       0x00000030       0x31 src/SystemState.o
 .comment       0x00000030       0x31 src/SystemValues.o
 .comment       0x00000030       0x31 src/usb.o
 .comment       0x00000030       0x31 src/ASF/common/services/usb/class/cdc/device/udi_cdc_desc.o
 .comment       0x00000030       0x31 src/ASF/xmega/drivers/adc/adc.o
 .comment       0x00000030       0x31 src/ASF/xmega/drivers/adc/xmega_aau/adc_aau.o
 .comment       0x00000030       0x31 src/ASF/common/services/sleepmgr/xmega/sleepmgr.o
 .comment       0x00000030       0x31 src/ASF/common/services/clock/xmega/sysclk.o
 .comment       0x00000030       0x31 src/ASF/xmega/drivers/dac/dac.o
 .comment       0x00000030       0x31 src/ASF/common/boards/user_board/init.o
 .comment       0x00000030       0x31 src/main.o
 .comment       0x00000030       0x31 c:/program files (x86)/atmel/studio/7.0/toolchain/avr8/avr8-gnu-toolchain/bin/../lib/gcc/avr/5.4.0/../../../../avr/lib/avrxmega6\libc.a(malloc.o)

.note.gnu.avr.deviceinfo
                0x00000000       0x40
 .note.gnu.avr.deviceinfo
                0x00000000       0x40 C:/Program Files (x86)/Atmel/Studio/7.0/Packs/atmel/XMEGAA_DFP/1.1.68/gcc/dev/atxmega256a3u/avrxmega6/crtatxmega256a3u.o

.note.gnu.build-id
 *(.note.gnu.build-id)

.debug
 *(.debug)

.line
 *(.line)

.debug_srcinfo
 *(.debug_srcinfo)

.debug_sfnames
 *(.debug_sfnames)

.debug_aranges  0x00000000      0x9a8
 *(.debug_aranges)
 .debug_aranges
                0x00000000       0x38 src/CommandDecoder.o
 .debug_aranges
                0x00000038       0x58 src/CommunicationControl.o
 .debug_aranges
                0x00000090       0x40 src/generate_frame.o
 .debug_aranges
                0x000000d0      0x170 src/ASF/common/services/usb/class/cdc/device/udi_cdc.o
 .debug_aranges
                0x00000240       0x70 src/ASF/common/services/usb/udc/udc.o
 .debug_aranges
                0x000002b0      0x120 src/ASF/xmega/drivers/usb/usb_device.o
 .debug_aranges
                0x000003d0       0x58 src/Devices/NCV7608.o
 .debug_aranges
                0x00000428       0x38 src/Interfaces/SPI.o
 .debug_aranges
                0x00000460       0x48 src/Interfaces/SpiNativeMaster.o
 .debug_aranges
                0x000004a8       0x28 src/operators.o
 .debug_aranges
                0x000004d0       0x30 src/Periphery/AnalogInputDE.o
 .debug_aranges
                0x00000500       0x30 src/Periphery/AnalogOutput.o
 .debug_aranges
                0x00000530       0x30 src/Periphery/DAC.o
 .debug_aranges
                0x00000560       0x68 src/Periphery/Pin.o
 .debug_aranges
                0x000005c8       0x48 src/Pixel.o
 .debug_aranges
                0x00000610       0x70 src/PixelArray.o
 .debug_aranges
                0x00000680       0x58 src/SystemState.o
 .debug_aranges
                0x000006d8       0x38 src/SystemValues.o
 .debug_aranges
                0x00000710       0x28 src/usb.o
 .debug_aranges
                0x00000738       0x18 src/ASF/common/services/usb/class/cdc/device/udi_cdc_desc.o
 .debug_aranges
                0x00000750       0x48 src/ASF/xmega/drivers/adc/adc.o
 .debug_aranges
                0x00000798       0x78 src/ASF/xmega/drivers/adc/xmega_aau/adc_aau.o
 .debug_aranges
                0x00000810       0x18 src/ASF/common/services/sleepmgr/xmega/sleepmgr.o
 .debug_aranges
                0x00000828       0x40 src/ASF/common/services/clock/xmega/sysclk.o
 .debug_aranges
                0x00000868       0x50 src/ASF/xmega/drivers/dac/dac.o
 .debug_aranges
                0x000008b8       0x28 src/ASF/xmega/drivers/nvm/nvm_asm.o
 .debug_aranges
                0x000008e0       0x20 src/ASF/xmega/drivers/cpu/ccp.o
 .debug_aranges
                0x00000900       0x20 src/ASF/common/boards/user_board/init.o
 .debug_aranges
                0x00000920       0x88 src/main.o

.debug_pubnames
 *(.debug_pubnames)

.debug_info     0x00000000    0x1fc99
 *(.debug_info .gnu.linkonce.wi.*)
 .debug_info    0x00000000     0x3409 C:/Program Files (x86)/Atmel/Studio/7.0/Packs/atmel/XMEGAA_DFP/1.1.68/gcc/dev/atxmega256a3u/avrxmega6/crtatxmega256a3u.o
 .debug_info    0x00003409      0x2f4 src/CommandDecoder.o
 .debug_info    0x000036fd     0x1be5 src/CommunicationControl.o
 .debug_info    0x000052e2     0x111c src/generate_frame.o
 .debug_info    0x000063fe     0x1972 src/ASF/common/services/usb/class/cdc/device/udi_cdc.o
 .debug_info    0x00007d70     0x111a src/ASF/common/services/usb/udc/udc.o
 .debug_info    0x00008e8a     0x1dda src/ASF/xmega/drivers/usb/usb_device.o
 .debug_info    0x0000ac64      0xae0 src/Devices/NCV7608.o
 .debug_info    0x0000b744      0x63f src/Interfaces/SPI.o
 .debug_info    0x0000bd83     0x2707 src/Interfaces/SpiNativeMaster.o
 .debug_info    0x0000e48a       0xf2 src/operators.o
 .debug_info    0x0000e57c     0x2b44 src/Periphery/AnalogInputDE.o
 .debug_info    0x000110c0      0x5c3 src/Periphery/AnalogOutput.o
 .debug_info    0x00011683      0x56b src/Periphery/DAC.o
 .debug_info    0x00011bee      0x657 src/Periphery/Pin.o
 .debug_info    0x00012245      0x903 src/Pixel.o
 .debug_info    0x00012b48     0x342f src/PixelArray.o
 .debug_info    0x00015f77     0x13f6 src/SystemState.o
 .debug_info    0x0001736d      0x75b src/SystemValues.o
 .debug_info    0x00017ac8      0x1e5 src/usb.o
 .debug_info    0x00017cad      0x7c5 src/ASF/common/services/usb/class/cdc/device/udi_cdc_desc.o
 .debug_info    0x00018472      0xa93 src/ASF/xmega/drivers/adc/adc.o
 .debug_info    0x00018f05      0xe9b src/ASF/xmega/drivers/adc/xmega_aau/adc_aau.o
 .debug_info    0x00019da0      0x129 src/ASF/common/services/sleepmgr/xmega/sleepmgr.o
 .debug_info    0x00019ec9      0xdb7 src/ASF/common/services/clock/xmega/sysclk.o
 .debug_info    0x0001ac80      0xbcd src/ASF/xmega/drivers/dac/dac.o
 .debug_info    0x0001b84d       0x89 src/ASF/xmega/drivers/nvm/nvm_asm.o
 .debug_info    0x0001b8d6       0x89 src/ASF/xmega/drivers/cpu/ccp.o
 .debug_info    0x0001b95f      0x103 src/ASF/common/boards/user_board/init.o
 .debug_info    0x0001ba62     0x4237 src/main.o

.debug_abbrev   0x00000000     0x78fc
 *(.debug_abbrev)
 .debug_abbrev  0x00000000     0x3148 C:/Program Files (x86)/Atmel/Studio/7.0/Packs/atmel/XMEGAA_DFP/1.1.68/gcc/dev/atxmega256a3u/avrxmega6/crtatxmega256a3u.o
 .debug_abbrev  0x00003148      0x166 src/CommandDecoder.o
 .debug_abbrev  0x000032ae      0x3cf src/CommunicationControl.o
 .debug_abbrev  0x0000367d      0x313 src/generate_frame.o
 .debug_abbrev  0x00003990      0x3b8 src/ASF/common/services/usb/class/cdc/device/udi_cdc.o
 .debug_abbrev  0x00003d48      0x35c src/ASF/common/services/usb/udc/udc.o
 .debug_abbrev  0x000040a4      0x585 src/ASF/xmega/drivers/usb/usb_device.o
 .debug_abbrev  0x00004629      0x321 src/Devices/NCV7608.o
 .debug_abbrev  0x0000494a      0x221 src/Interfaces/SPI.o
 .debug_abbrev  0x00004b6b      0x415 src/Interfaces/SpiNativeMaster.o
 .debug_abbrev  0x00004f80       0xbf src/operators.o
 .debug_abbrev  0x0000503f      0x45a src/Periphery/AnalogInputDE.o
 .debug_abbrev  0x00005499      0x20e src/Periphery/AnalogOutput.o
 .debug_abbrev  0x000056a7      0x213 src/Periphery/DAC.o
 .debug_abbrev  0x000058ba      0x1ef src/Periphery/Pin.o
 .debug_abbrev  0x00005aa9      0x257 src/Pixel.o
 .debug_abbrev  0x00005d00      0x32c src/PixelArray.o
 .debug_abbrev  0x0000602c      0x30e src/SystemState.o
 .debug_abbrev  0x0000633a      0x26e src/SystemValues.o
 .debug_abbrev  0x000065a8      0x111 src/usb.o
 .debug_abbrev  0x000066b9      0x102 src/ASF/common/services/usb/class/cdc/device/udi_cdc_desc.o
 .debug_abbrev  0x000067bb      0x2d2 src/ASF/xmega/drivers/adc/adc.o
 .debug_abbrev  0x00006a8d      0x320 src/ASF/xmega/drivers/adc/xmega_aau/adc_aau.o
 .debug_abbrev  0x00006dad       0x84 src/ASF/common/services/sleepmgr/xmega/sleepmgr.o
 .debug_abbrev  0x00006e31      0x28d src/ASF/common/services/clock/xmega/sysclk.o
 .debug_abbrev  0x000070be      0x2f2 src/ASF/xmega/drivers/dac/dac.o
 .debug_abbrev  0x000073b0       0x12 src/ASF/xmega/drivers/nvm/nvm_asm.o
 .debug_abbrev  0x000073c2       0x14 src/ASF/xmega/drivers/cpu/ccp.o
 .debug_abbrev  0x000073d6       0x8d src/ASF/common/boards/user_board/init.o
 .debug_abbrev  0x00007463      0x499 src/main.o

.debug_line     0x00000000     0x9a07
 *(.debug_line .debug_line.* .debug_line_end)
 .debug_line    0x00000000      0x39d C:/Program Files (x86)/Atmel/Studio/7.0/Packs/atmel/XMEGAA_DFP/1.1.68/gcc/dev/atxmega256a3u/avrxmega6/crtatxmega256a3u.o
 .debug_line    0x0000039d      0x192 src/CommandDecoder.o
 .debug_line    0x0000052f      0x42b src/CommunicationControl.o
 .debug_line    0x0000095a      0x47f src/generate_frame.o
 .debug_line    0x00000dd9      0xf5e src/ASF/common/services/usb/class/cdc/device/udi_cdc.o
 .debug_line    0x00001d37      0xa16 src/ASF/common/services/usb/udc/udc.o
 .debug_line    0x0000274d     0x1446 src/ASF/xmega/drivers/usb/usb_device.o
 .debug_line    0x00003b93      0x2d1 src/Devices/NCV7608.o
 .debug_line    0x00003e64      0x1cb src/Interfaces/SPI.o
 .debug_line    0x0000402f      0x4dd src/Interfaces/SpiNativeMaster.o
 .debug_line    0x0000450c      0x136 src/operators.o
 .debug_line    0x00004642      0x527 src/Periphery/AnalogInputDE.o
 .debug_line    0x00004b69      0x177 src/Periphery/AnalogOutput.o
 .debug_line    0x00004ce0      0x1b8 src/Periphery/DAC.o
 .debug_line    0x00004e98      0x298 src/Periphery/Pin.o
 .debug_line    0x00005130      0x21b src/Pixel.o
 .debug_line    0x0000534b      0x815 src/PixelArray.o
 .debug_line    0x00005b60      0x302 src/SystemState.o
 .debug_line    0x00005e62      0x1be src/SystemValues.o
 .debug_line    0x00006020      0x150 src/usb.o
 .debug_line    0x00006170      0x4c7 src/ASF/common/services/usb/class/cdc/device/udi_cdc_desc.o
 .debug_line    0x00006637      0x7c3 src/ASF/xmega/drivers/adc/adc.o
 .debug_line    0x00006dfa      0x973 src/ASF/xmega/drivers/adc/xmega_aau/adc_aau.o
 .debug_line    0x0000776d      0x456 src/ASF/common/services/sleepmgr/xmega/sleepmgr.o
 .debug_line    0x00007bc3      0x783 src/ASF/common/services/clock/xmega/sysclk.o
 .debug_line    0x00008346      0x821 src/ASF/xmega/drivers/dac/dac.o
 .debug_line    0x00008b67      0x11f src/ASF/xmega/drivers/nvm/nvm_asm.o
 .debug_line    0x00008c86       0x6e src/ASF/xmega/drivers/cpu/ccp.o
 .debug_line    0x00008cf4      0x78d src/ASF/common/boards/user_board/init.o
 .debug_line    0x00009481      0x586 src/main.o

.debug_frame    0x00000000     0x1c20
 *(.debug_frame)
 .debug_frame   0x00000000       0x54 src/CommandDecoder.o
 .debug_frame   0x00000054      0x130 src/CommunicationControl.o
 .debug_frame   0x00000184      0x114 src/generate_frame.o
 .debug_frame   0x00000298      0x430 src/ASF/common/services/usb/class/cdc/device/udi_cdc.o
 .debug_frame   0x000006c8      0x114 src/ASF/common/services/usb/udc/udc.o
 .debug_frame   0x000007dc      0x420 src/ASF/xmega/drivers/usb/usb_device.o
 .debug_frame   0x00000bfc       0xc8 src/Devices/NCV7608.o
 .debug_frame   0x00000cc4       0x68 src/Interfaces/SPI.o
 .debug_frame   0x00000d2c       0xc8 src/Interfaces/SpiNativeMaster.o
 .debug_frame   0x00000df4       0x34 src/operators.o
 .debug_frame   0x00000e28       0xbc src/Periphery/AnalogInputDE.o
 .debug_frame   0x00000ee4       0x4c src/Periphery/AnalogOutput.o
 .debug_frame   0x00000f30       0x58 src/Periphery/DAC.o
 .debug_frame   0x00000f88       0xb4 src/Periphery/Pin.o
 .debug_frame   0x0000103c       0x74 src/Pixel.o
 .debug_frame   0x000010b0      0x1d8 src/PixelArray.o
 .debug_frame   0x00001288       0x94 src/SystemState.o
 .debug_frame   0x0000131c       0x8c src/SystemValues.o
 .debug_frame   0x000013a8       0x34 src/usb.o
 .debug_frame   0x000013dc       0xbc src/ASF/xmega/drivers/adc/adc.o
 .debug_frame   0x00001498      0x3e4 src/ASF/xmega/drivers/adc/xmega_aau/adc_aau.o
 .debug_frame   0x0000187c       0xa4 src/ASF/common/services/clock/xmega/sysclk.o
 .debug_frame   0x00001920      0x128 src/ASF/xmega/drivers/dac/dac.o
 .debug_frame   0x00001a48       0x24 src/ASF/common/boards/user_board/init.o
 .debug_frame   0x00001a6c      0x1b4 src/main.o

.debug_str      0x00000000    0x394ab
 *(.debug_str)
 .debug_str     0x00000000     0x223b C:/Program Files (x86)/Atmel/Studio/7.0/Packs/atmel/XMEGAA_DFP/1.1.68/gcc/dev/atxmega256a3u/avrxmega6/crtatxmega256a3u.o
 .debug_str     0x0000223b      0x358 src/CommandDecoder.o
                                0x3eb (size before relaxing)
 .debug_str     0x00002593     0x126c src/CommunicationControl.o
                               0x1687 (size before relaxing)
 .debug_str     0x000037ff      0x209 src/generate_frame.o
                                0xd5c (size before relaxing)
 .debug_str     0x00003a08    0x2c93b src/ASF/common/services/usb/class/cdc/device/udi_cdc.o
                              0x2d090 (size before relaxing)
 .debug_str     0x00030343      0xb08 src/ASF/common/services/usb/udc/udc.o
                              0x2b840 (size before relaxing)
 .debug_str     0x00030e4b     0x51ae src/ASF/xmega/drivers/usb/usb_device.o
                              0x303e0 (size before relaxing)
 .debug_str     0x00035ff9       0x99 src/Devices/NCV7608.o
                                0x868 (size before relaxing)
 .debug_str     0x00036092       0x3e src/Interfaces/SPI.o
                                0x60c (size before relaxing)
 .debug_str     0x000360d0      0xa66 src/Interfaces/SpiNativeMaster.o
                               0x1230 (size before relaxing)
 .debug_str     0x00036b36       0x2c src/operators.o
                                0x194 (size before relaxing)
 .debug_str     0x00036b62      0xb55 src/Periphery/AnalogInputDE.o
                               0x18b7 (size before relaxing)
 .debug_str     0x000376b7       0x71 src/Periphery/AnalogOutput.o
                                0x507 (size before relaxing)
 .debug_str     0x00037728       0x61 src/Periphery/DAC.o
                                0x4a3 (size before relaxing)
 .debug_str     0x00037789       0x55 src/Periphery/Pin.o
                                0x5a7 (size before relaxing)
 .debug_str     0x000377de       0x30 src/Pixel.o
                                0x8a8 (size before relaxing)
 .debug_str     0x0003780e       0xa6 src/PixelArray.o
                                0xbef (size before relaxing)
 .debug_str     0x000378b4       0xd1 src/SystemState.o
                               0x131f (size before relaxing)
 .debug_str     0x00037985       0xa5 src/SystemValues.o
                                0x673 (size before relaxing)
 .debug_str     0x00037a2a       0x27 src/usb.o
                                0x2a6 (size before relaxing)
 .debug_str     0x00037a51      0x231 src/ASF/common/services/usb/class/cdc/device/udi_cdc_desc.o
                              0x2c6f7 (size before relaxing)
 .debug_str     0x00037c82      0x7fc src/ASF/xmega/drivers/adc/adc.o
                              0x2a83e (size before relaxing)
 .debug_str     0x0003847e      0x11f src/ASF/xmega/drivers/adc/xmega_aau/adc_aau.o
                              0x2aad1 (size before relaxing)
 .debug_str     0x0003859d       0x35 src/ASF/common/services/sleepmgr/xmega/sleepmgr.o
                              0x289bf (size before relaxing)
 .debug_str     0x000385d2      0x325 src/ASF/common/services/clock/xmega/sysclk.o
                              0x2a39f (size before relaxing)
 .debug_str     0x000388f7      0x36b src/ASF/xmega/drivers/dac/dac.o
                              0x2a7bb (size before relaxing)
 .debug_str     0x00038c62      0x195 src/ASF/common/boards/user_board/init.o
                              0x2e0e3 (size before relaxing)
 .debug_str     0x00038df7      0x6b4 src/main.o
                               0x28a1 (size before relaxing)

.debug_loc      0x00000000     0x7b68
 *(.debug_loc)
 .debug_loc     0x00000000       0x4c src/CommandDecoder.o
 .debug_loc     0x0000004c      0x6d3 src/CommunicationControl.o
 .debug_loc     0x0000071f      0x8bf src/generate_frame.o
 .debug_loc     0x00000fde     0x1192 src/ASF/common/services/usb/class/cdc/device/udi_cdc.o
 .debug_loc     0x00002170      0x50d src/ASF/common/services/usb/udc/udc.o
 .debug_loc     0x0000267d     0x1002 src/ASF/xmega/drivers/usb/usb_device.o
 .debug_loc     0x0000367f      0x325 src/Devices/NCV7608.o
 .debug_loc     0x000039a4      0x16f src/Interfaces/SPI.o
 .debug_loc     0x00003b13      0x76a src/Interfaces/SpiNativeMaster.o
 .debug_loc     0x0000427d       0x4c src/operators.o
 .debug_loc     0x000042c9      0x63a src/Periphery/AnalogInputDE.o
 .debug_loc     0x00004903      0x173 src/Periphery/AnalogOutput.o
 .debug_loc     0x00004a76      0x169 src/Periphery/DAC.o
 .debug_loc     0x00004bdf      0x249 src/Periphery/Pin.o
 .debug_loc     0x00004e28      0x166 src/Pixel.o
 .debug_loc     0x00004f8e      0xadd src/PixelArray.o
 .debug_loc     0x00005a6b       0xf7 src/SystemState.o
 .debug_loc     0x00005b62      0x343 src/SystemValues.o
 .debug_loc     0x00005ea5      0x2b3 src/ASF/xmega/drivers/adc/adc.o
 .debug_loc     0x00006158      0xd3c src/ASF/xmega/drivers/adc/xmega_aau/adc_aau.o
 .debug_loc     0x00006e94      0x469 src/ASF/common/services/clock/xmega/sysclk.o
 .debug_loc     0x000072fd      0x46e src/ASF/xmega/drivers/dac/dac.o
 .debug_loc     0x0000776b      0x3fd src/main.o

.debug_macinfo
 *(.debug_macinfo)

.debug_weaknames
 *(.debug_weaknames)

.debug_funcnames
 *(.debug_funcnames)

.debug_typenames
 *(.debug_typenames)

.debug_varnames
 *(.debug_varnames)

.debug_pubtypes
 *(.debug_pubtypes)

.debug_ranges   0x00000000      0x868
 *(.debug_ranges)
 .debug_ranges  0x00000000       0x28 src/CommandDecoder.o
 .debug_ranges  0x00000028       0x48 src/CommunicationControl.o
 .debug_ranges  0x00000070       0x90 src/generate_frame.o
 .debug_ranges  0x00000100      0x160 src/ASF/common/services/usb/class/cdc/device/udi_cdc.o
 .debug_ranges  0x00000260       0x78 src/ASF/common/services/usb/udc/udc.o
 .debug_ranges  0x000002d8      0x140 src/ASF/xmega/drivers/usb/usb_device.o
 .debug_ranges  0x00000418       0x48 src/Devices/NCV7608.o
 .debug_ranges  0x00000460       0x28 src/Interfaces/SPI.o
 .debug_ranges  0x00000488       0x38 src/Interfaces/SpiNativeMaster.o
 .debug_ranges  0x000004c0       0x18 src/operators.o
 .debug_ranges  0x000004d8       0x20 src/Periphery/AnalogInputDE.o
 .debug_ranges  0x000004f8       0x20 src/Periphery/AnalogOutput.o
 .debug_ranges  0x00000518       0x20 src/Periphery/DAC.o
 .debug_ranges  0x00000538       0x58 src/Periphery/Pin.o
 .debug_ranges  0x00000590       0x38 src/Pixel.o
 .debug_ranges  0x000005c8       0x60 src/PixelArray.o
 .debug_ranges  0x00000628       0x48 src/SystemState.o
 .debug_ranges  0x00000670       0x28 src/SystemValues.o
 .debug_ranges  0x00000698       0x18 src/usb.o
 .debug_ranges  0x000006b0       0x38 src/ASF/xmega/drivers/adc/adc.o
 .debug_ranges  0x000006e8       0x68 src/ASF/xmega/drivers/adc/xmega_aau/adc_aau.o
 .debug_ranges  0x00000750       0x30 src/ASF/common/services/clock/xmega/sysclk.o
 .debug_ranges  0x00000780       0x40 src/ASF/xmega/drivers/dac/dac.o
 .debug_ranges  0x000007c0       0x20 src/ASF/xmega/drivers/nvm/nvm_asm.o
 .debug_ranges  0x000007e0       0x10 src/ASF/common/boards/user_board/init.o
 .debug_ranges  0x000007f0       0x78 src/main.o

.debug_macro    0x00000000     0xb791
 *(.debug_macro)
 .debug_macro   0x00000000      0x299 src/ASF/common/services/usb/class/cdc/device/udi_cdc.o
 .debug_macro   0x00000299      0xa8a src/ASF/common/services/usb/class/cdc/device/udi_cdc.o
 .debug_macro   0x00000d23       0x10 src/ASF/common/services/usb/class/cdc/device/udi_cdc.o
 .debug_macro   0x00000d33      0x1c9 src/ASF/common/services/usb/class/cdc/device/udi_cdc.o
 .debug_macro   0x00000efc      0x2fc src/ASF/common/services/usb/class/cdc/device/udi_cdc.o
 .debug_macro   0x000011f8       0x9e src/ASF/common/services/usb/class/cdc/device/udi_cdc.o
 .debug_macro   0x00001296     0x62da src/ASF/common/services/usb/class/cdc/device/udi_cdc.o
 .debug_macro   0x00007570       0x9a src/ASF/common/services/usb/class/cdc/device/udi_cdc.o
 .debug_macro   0x0000760a       0xf1 src/ASF/common/services/usb/class/cdc/device/udi_cdc.o
 .debug_macro   0x000076fb       0x34 src/ASF/common/services/usb/class/cdc/device/udi_cdc.o
 .debug_macro   0x0000772f       0x16 src/ASF/common/services/usb/class/cdc/device/udi_cdc.o
 .debug_macro   0x00007745       0x18 src/ASF/common/services/usb/class/cdc/device/udi_cdc.o
 .debug_macro   0x0000775d       0x5e src/ASF/common/services/usb/class/cdc/device/udi_cdc.o
 .debug_macro   0x000077bb       0x10 src/ASF/common/services/usb/class/cdc/device/udi_cdc.o
 .debug_macro   0x000077cb       0x22 src/ASF/common/services/usb/class/cdc/device/udi_cdc.o
 .debug_macro   0x000077ed      0x16d src/ASF/common/services/usb/class/cdc/device/udi_cdc.o
 .debug_macro   0x0000795a       0x1c src/ASF/common/services/usb/class/cdc/device/udi_cdc.o
 .debug_macro   0x00007976       0x35 src/ASF/common/services/usb/class/cdc/device/udi_cdc.o
 .debug_macro   0x000079ab       0x66 src/ASF/common/services/usb/class/cdc/device/udi_cdc.o
 .debug_macro   0x00007a11      0x64b src/ASF/common/services/usb/class/cdc/device/udi_cdc.o
 .debug_macro   0x0000805c       0x97 src/ASF/common/services/usb/class/cdc/device/udi_cdc.o
 .debug_macro   0x000080f3       0x17 src/ASF/common/services/usb/class/cdc/device/udi_cdc.o
 .debug_macro   0x0000810a      0x250 src/ASF/common/services/usb/class/cdc/device/udi_cdc.o
 .debug_macro   0x0000835a       0x76 src/ASF/common/services/usb/class/cdc/device/udi_cdc.o
 .debug_macro   0x000083d0       0x16 src/ASF/common/services/usb/class/cdc/device/udi_cdc.o
 .debug_macro   0x000083e6      0x6e3 src/ASF/common/services/usb/class/cdc/device/udi_cdc.o
 .debug_macro   0x00008ac9       0x10 src/ASF/common/services/usb/class/cdc/device/udi_cdc.o
 .debug_macro   0x00008ad9      0x175 src/ASF/common/services/usb/class/cdc/device/udi_cdc.o
 .debug_macro   0x00008c4e       0x40 src/ASF/common/services/usb/class/cdc/device/udi_cdc.o
 .debug_macro   0x00008c8e       0x69 src/ASF/common/services/usb/class/cdc/device/udi_cdc.o
 .debug_macro   0x00008cf7       0x32 src/ASF/common/services/usb/class/cdc/device/udi_cdc.o
 .debug_macro   0x00008d29       0xe4 src/ASF/common/services/usb/class/cdc/device/udi_cdc.o
 .debug_macro   0x00008e0d       0x8a src/ASF/common/services/usb/class/cdc/device/udi_cdc.o
 .debug_macro   0x00008e97      0x228 src/ASF/common/services/usb/class/cdc/device/udi_cdc.o
 .debug_macro   0x000090bf       0xf0 src/ASF/common/services/usb/class/cdc/device/udi_cdc.o
 .debug_macro   0x000091af      0x24b src/ASF/common/services/usb/class/cdc/device/udi_cdc.o
 .debug_macro   0x000093fa      0x162 src/ASF/common/services/usb/class/cdc/device/udi_cdc.o
 .debug_macro   0x0000955c       0x16 src/ASF/common/services/usb/class/cdc/device/udi_cdc.o
 .debug_macro   0x00009572       0x1c src/ASF/common/services/usb/class/cdc/device/udi_cdc.o
 .debug_macro   0x0000958e      0x192 src/ASF/common/services/usb/class/cdc/device/udi_cdc.o
 .debug_macro   0x00009720       0x16 src/ASF/common/services/usb/class/cdc/device/udi_cdc.o
 .debug_macro   0x00009736      0x1f6 src/ASF/common/services/usb/udc/udc.o
 .debug_macro   0x0000992c      0x2c9 src/ASF/xmega/drivers/usb/usb_device.o
 .debug_macro   0x00009bf5       0x46 src/ASF/xmega/drivers/usb/usb_device.o
 .debug_macro   0x00009c3b      0x2c6 src/ASF/xmega/drivers/usb/usb_device.o
 .debug_macro   0x00009f01       0x10 src/ASF/xmega/drivers/usb/usb_device.o
 .debug_macro   0x00009f11       0x68 src/ASF/xmega/drivers/usb/usb_device.o
 .debug_macro   0x00009f79       0x2f src/ASF/xmega/drivers/usb/usb_device.o
 .debug_macro   0x00009fa8      0x154 src/ASF/xmega/drivers/usb/usb_device.o
 .debug_macro   0x0000a0fc       0x26 src/ASF/xmega/drivers/usb/usb_device.o
 .debug_macro   0x0000a122      0x46a src/ASF/xmega/drivers/usb/usb_device.o
 .debug_macro   0x0000a58c       0x10 src/ASF/xmega/drivers/usb/usb_device.o
 .debug_macro   0x0000a59c       0x42 src/ASF/xmega/drivers/usb/usb_device.o
 .debug_macro   0x0000a5de      0x20a src/ASF/common/services/usb/class/cdc/device/udi_cdc_desc.o
 .debug_macro   0x0000a7e8      0x239 src/ASF/xmega/drivers/adc/adc.o
 .debug_macro   0x0000aa21       0x10 src/ASF/xmega/drivers/adc/adc.o
 .debug_macro   0x0000aa31       0x20 src/ASF/xmega/drivers/adc/adc.o
 .debug_macro   0x0000aa51       0xe3 src/ASF/xmega/drivers/adc/adc.o
 .debug_macro   0x0000ab34      0x239 src/ASF/xmega/drivers/adc/xmega_aau/adc_aau.o
 .debug_macro   0x0000ad6d      0x1a3 src/ASF/common/services/sleepmgr/xmega/sleepmgr.o
 .debug_macro   0x0000af10      0x1e5 src/ASF/common/services/clock/xmega/sysclk.o
 .debug_macro   0x0000b0f5      0x230 src/ASF/xmega/drivers/dac/dac.o
 .debug_macro   0x0000b325       0x50 src/ASF/xmega/drivers/dac/dac.o
 .debug_macro   0x0000b375      0x302 src/ASF/common/boards/user_board/init.o
 .debug_macro   0x0000b677       0x34 src/ASF/common/boards/user_board/init.o
 .debug_macro   0x0000b6ab       0x56 src/ASF/common/boards/user_board/init.o
 .debug_macro   0x0000b701       0x90 src/ASF/common/boards/user_board/init.o
OUTPUT(Prototype1.elf elf32-avr)
LOAD linker stubs
